Archive member included because of file (symbol)

C:\NXP\bstudio_nxp\sdk\JN-SW-4168/Components/Library\libOS_JN516x.a(os.o)
                              os_gen.o (symbol from plugin) (os_vStart)
C:\NXP\bstudio_nxp\sdk\JN-SW-4168/Components/Library\libOS_JN516x.a(os_contirq_JN516x.o)
                              os_irq.o (os_UnclaimedException_W)
C:\NXP\bstudio_nxp\sdk\JN-SW-4168/Components/Library\libPWRM_JN516x.a(pwrm.o)
                              app_start.o (symbol from plugin) (PWRM_vInit)
C:\NXP\bstudio_nxp\sdk\JN-SW-4168/Components/Library\libPWRM_JN516x.a(pwrm_setjmp_JN516x.o)
                              pwrm.o (symbol from plugin) (setjmp)
C:\NXP\bstudio_nxp\sdk\JN-SW-4168/Components/Library\libPWRM_JN516x.a(pwrm_cold_start.o)
                              (AppColdStart)
C:\NXP\bstudio_nxp\sdk\JN-SW-4168/Components/Library\libPWRM_JN516x.a(pwrm_warm_start.o)
                              (AppWarmStart)
C:\NXP\bstudio_nxp\sdk\JN-SW-4168/Components/Library\libPDUM_JN516x.a(pdum_nwk.o)
                              pdum_gen.o (symbol from plugin) (pdum_vNPduInit)
C:\NXP\bstudio_nxp\sdk\JN-SW-4168/Components/Library\libPDUM_JN516x.a(pdum_apl.o)
                              appZdpExtraction.o (symbol from plugin) (PDUM_u16APduInstanceReadNBO)
C:\NXP\bstudio_nxp\sdk\JN-SW-4168/Components/Library\libPDUM_JN516x.a(pdum.o)
                              pdum_nwk.o (symbol from plugin) (PDUM_u16SizeNBO)
C:\NXP\bstudio_nxp\sdk\JN-SW-4168/Components/Library\libZPSAPL_JN516x.a(zps_apl_af.o)
                              app_router.o (symbol from plugin) (ZPS_eAplAfInit)
C:\NXP\bstudio_nxp\sdk\JN-SW-4168/Components/Library\libZPSAPL_JN516x.a(zps_apl_af_apsde.o)
                              zps_gen.o (symbol from plugin) (zps_vHandleApsdeDataFragIndNotSupported)
C:\NXP\bstudio_nxp\sdk\JN-SW-4168/Components/Library\libZPSAPL_JN516x.a(zps_apl_task.o)
                              zps_apl_af_apsde.o (symbol from plugin) (zps_vAplAfPostEvent)
C:\NXP\bstudio_nxp\sdk\JN-SW-4168/Components/Library\libZPSAPL_JN516x.a(zps_apl_apsde.o)
                              zps_apl_task.o (symbol from plugin) (ZPS_vAplRegisterApsdeDcfmIndCallbacks)
C:\NXP\bstudio_nxp\sdk\JN-SW-4168/Components/Library\libZPSAPL_JN516x.a(zps_apl_apsme.o)
                              zps_apl_task.o (symbol from plugin) (ZPS_vAplRegisterApsmeDcfmIndCallbacks)
C:\NXP\bstudio_nxp\sdk\JN-SW-4168/Components/Library\libZPSAPL_JN516x.a(zps_apl_aps_nlde.o)
                              zps_apl_task.o (symbol from plugin) (zps_vAplApsHandleNldeDcfmInd)
C:\NXP\bstudio_nxp\sdk\JN-SW-4168/Components/Library\libZPSAPL_JN516x.a(zps_apl_sec.o)
                              zps_apl_task.o (symbol from plugin) (zps_psFindKeyDescr)
C:\NXP\bstudio_nxp\sdk\JN-SW-4168/Components/Library\libZPSAPL_JN516x.a(zps_apl_aib.o)
                              app_router.o (symbol from plugin) (zps_psAplAibGetAib)
C:\NXP\bstudio_nxp\sdk\JN-SW-4168/Components/Library\libZPSAPL_JN516x.a(zps_apl_zdo_nwkmanager.o)
                              zps_apl_apsme.o (symbol from plugin) (zps_vAplSaveRecord)
C:\NXP\bstudio_nxp\sdk\JN-SW-4168/Components/Library\libZPSAPL_JN516x.a(zps_apl_zdo_handle_zdp_event.o)
                              zps_apl_task.o (symbol from plugin) (zps_bAplZdoHandleZdpEvent)
C:\NXP\bstudio_nxp\sdk\JN-SW-4168/Components/Library\libZPSAPL_JN516x.a(zps_apl_zdo_trust_center.o)
                              zps_apl_sec.o (symbol from plugin) (zps_eAplTrustCenterFindDevice)
C:\NXP\bstudio_nxp\sdk\JN-SW-4168/Components/Library\libZPSAPL_JN516x.a(zps_apl_zdo_common.o)
                              zps_apl_zdo_nwkmanager.o (symbol from plugin) (zps_eAplZdoNlmeleaveWrapper)
C:\NXP\bstudio_nxp\sdk\JN-SW-4168/Components/Library\libZPSAPL_JN516x.a(zps_apl_zdo_default_server.o)
                              zps_gen.o (symbol from plugin) (zps_vAplZdoDefaultServerInit)
C:\NXP\bstudio_nxp\sdk\JN-SW-4168/Components/Library\libZPSAPL_JN516x.a(zps_apl_mac_isr.o)
                              zps_apl_task.o (symbol from plugin) (u32DataQueueCount)
C:\NXP\bstudio_nxp\sdk\JN-SW-4168/Components/Library\libZPSAPL_JN516x.a(zps_apl_zdo_nwk_addr_server.o)
                              zps_gen.o (symbol from plugin) (zps_vAplZdoNwkAddrServerInit)
C:\NXP\bstudio_nxp\sdk\JN-SW-4168/Components/Library\libZPSAPL_JN516x.a(zps_apl_zdo_ieee_addr_server.o)
                              zps_gen.o (symbol from plugin) (zps_vAplZdoIeeeAddrServerInit)
C:\NXP\bstudio_nxp\sdk\JN-SW-4168/Components/Library\libZPSAPL_JN516x.a(zps_apl_zdo_match_desc_server.o)
                              zps_gen.o (symbol from plugin) (zps_vAplZdoMatchDescServerInit)
C:\NXP\bstudio_nxp\sdk\JN-SW-4168/Components/Library\libZPSAPL_JN516x.a(zps_apl_zdo_node_desc_server.o)
                              zps_gen.o (symbol from plugin) (zps_vAplZdoNodeDescServerInit)
C:\NXP\bstudio_nxp\sdk\JN-SW-4168/Components/Library\libZPSAPL_JN516x.a(zps_apl_zdo_simple_desc_server.o)
[...]
Memory Configuration

Name             Origin             Length             Attributes
flash            0x0000000000080000 0x0000000000040000
ram              0x000000000400004c 0x0000000000007fb4
*default*        0x0000000000000000 0xffffffffffffffff

Linker script and memory map

START GROUP
LOAD os_gen.o
LOAD C:\Users\hp8460p\AppData\Local\Temp\cc0cmzLm.ltrans0.ltrans.o
LOAD C:\Users\hp8460p\AppData\Local\Temp\cc0cmzLm.ltrans1.ltrans.o
LOAD C:\Users\hp8460p\AppData\Local\Temp\cc0cmzLm.ltrans2.ltrans.o
LOAD C:\Users\hp8460p\AppData\Local\Temp\cc0cmzLm.ltrans3.ltrans.o
LOAD C:\Users\hp8460p\AppData\Local\Temp\cc0cmzLm.ltrans4.ltrans.o
LOAD C:\Users\hp8460p\AppData\Local\Temp\cc0cmzLm.ltrans5.ltrans.o
LOAD C:\Users\hp8460p\AppData\Local\Temp\cc0cmzLm.ltrans6.ltrans.o
LOAD C:\Users\hp8460p\AppData\Local\Temp\cc0cmzLm.ltrans7.ltrans.o
LOAD C:\Users\hp8460p\AppData\Local\Temp\cc0cmzLm.ltrans8.ltrans.o
LOAD C:\Users\hp8460p\AppData\Local\Temp\cc0cmzLm.ltrans9.ltrans.o
LOAD C:\Users\hp8460p\AppData\Local\Temp\cc0cmzLm.ltrans10.ltrans.o
LOAD C:\Users\hp8460p\AppData\Local\Temp\cc0cmzLm.ltrans11.ltrans.o
LOAD C:\Users\hp8460p\AppData\Local\Temp\cc0cmzLm.ltrans12.ltrans.o
LOAD C:\Users\hp8460p\AppData\Local\Temp\cc0cmzLm.ltrans13.ltrans.o
LOAD C:\Users\hp8460p\AppData\Local\Temp\cc0cmzLm.ltrans14.ltrans.o
LOAD C:\Users\hp8460p\AppData\Local\Temp\cc0cmzLm.ltrans15.ltrans.o
LOAD C:\Users\hp8460p\AppData\Local\Temp\cc0cmzLm.ltrans16.ltrans.o
LOAD C:\Users\hp8460p\AppData\Local\Temp\cc0cmzLm.ltrans17.ltrans.o
LOAD C:\Users\hp8460p\AppData\Local\Temp\cc0cmzLm.ltrans18.ltrans.o
LOAD C:\Users\hp8460p\AppData\Local\Temp\cc0cmzLm.ltrans19.ltrans.o
LOAD C:\Users\hp8460p\AppData\Local\Temp\cc0cmzLm.ltrans20.ltrans.o
LOAD C:\Users\hp8460p\AppData\Local\Temp\cc0cmzLm.ltrans21.ltrans.o
LOAD C:\Users\hp8460p\AppData\Local\Temp\cc0cmzLm.ltrans22.ltrans.o
LOAD C:\Users\hp8460p\AppData\Local\Temp\cc0cmzLm.ltrans23.ltrans.o
LOAD C:\Users\hp8460p\AppData\Local\Temp\cc0cmzLm.ltrans24.ltrans.o
LOAD C:\Users\hp8460p\AppData\Local\Temp\cc0cmzLm.ltrans25.ltrans.o
LOAD C:\Users\hp8460p\AppData\Local\Temp\cc0cmzLm.ltrans26.ltrans.o
LOAD C:\Users\hp8460p\AppData\Local\Temp\cc0cmzLm.ltrans27.ltrans.o
LOAD C:\Users\hp8460p\AppData\Local\Temp\cc0cmzLm.ltrans28.ltrans.o
LOAD C:\Users\hp8460p\AppData\Local\Temp\cc0cmzLm.ltrans29.ltrans.o
LOAD C:\Users\hp8460p\AppData\Local\Temp\cc0cmzLm.ltrans30.ltrans.o
LOAD C:\Users\hp8460p\AppData\Local\Temp\cc0cmzLm.ltrans31.ltrans.o
LOAD c:/nxp/bstudio_nxp/sdk/tools/ba-elf-ba2-r36379/bin/../lib/gcc/ba-elf/4.7.4/../../../../ba-elf/lib/mcpu_jn51xx_sizeopt\libc.a
LOAD c:/nxp/bstudio_nxp/sdk/tools/ba-elf-ba2-r36379/bin/../lib/gcc/ba-elf/4.7.4/mcpu_jn51xx_sizeopt\libgcc.a
LOAD c:/nxp/bstudio_nxp/sdk/tools/ba-elf-ba2-r36379/bin/../lib/gcc/ba-elf/4.7.4/../../../../ba-elf/lib/mcpu_jn51xx_sizeopt\libc.a
LOAD os_irq.o
LOAD os_irq_alignment.o
LOAD os_irq_buserror.o
LOAD os_irq_illegalinstruction.o
LOAD os_irq_stackoverflowexception.o
LOAD os_irq_unimplementedmodule.o
LOAD pdum_gen.o
LOAD pdum_apdu.o
LOAD zps_gen.o
LOAD app_timer_driver.o
LOAD app_start.o
LOAD app_router.o
LOAD app_endpoint.o
LOAD ButtonScan.o
LOAD appZdpExtraction.o
LOAD appZpsBeaconHandler.o
LOAD app_exceptions.o
LOAD app_pdm.o
LOAD UART.o
LOAD C:\NXP\bstudio_nxp\sdk\JN-SW-4168/Components/Library\libZPSMAC_Mini_JN516x.a
LOAD C:\NXP\bstudio_nxp\sdk\JN-SW-4168/Components/Library\libOS_JN516x.a
LOAD C:\NXP\bstudio_nxp\sdk\JN-SW-4168/Components/Library\libPWRM_JN516x.a
LOAD C:\NXP\bstudio_nxp\sdk\JN-SW-4168/Components/Library\libZPSTSV_JN516x.a
LOAD C:\NXP\bstudio_nxp\sdk\JN-SW-4168/Components/Library\libAES_SW_JN516x.a
LOAD C:\NXP\bstudio_nxp\sdk\JN-SW-4168/Components/Library\libPDUM_JN516x.a
LOAD C:\NXP\bstudio_nxp\sdk\JN-SW-4168/Components/Library\libZPSAPL_JN516x.a
LOAD C:\NXP\bstudio_nxp\sdk\JN-SW-4168/Components/Library\libRandom_JN516x.a
LOAD C:\NXP\bstudio_nxp\sdk\JN-SW-4168/Components/Library\libPDM_EEPROM_JN516x.a
LOAD C:\NXP\bstudio_nxp\sdk\JN-SW-4168/Components/Library\libDBG_JN516x.a
LOAD C:\NXP\bstudio_nxp\sdk\JN-SW-4168/Components/Library\libZPSNWK_JN516x.a
LOAD C:\NXP\bstudio_nxp\sdk\JN-SW-4168/Components/Library\libMiniMac_JN516x.a
LOAD C:\NXP\bstudio_nxp\sdk\JN-SW-4168/Components/Library\libMiniMacShim_JN516x.a
LOAD C:\NXP\bstudio_nxp\sdk\JN-SW-4168/Components/Library\libMMAC_JN516x.a
LOAD C:\NXP\bstudio_nxp\sdk\JN-SW-4168/Components/Library\libAes_JN516x.a
LOAD C:\NXP\bstudio_nxp\sdk\JN-SW-4168/Components/Library\libHardwareApi_JN516x.a
LOAD C:\NXP\bstudio_nxp\sdk\JN-SW-4168/Components/Library\libMicroSpecific_JN516x.a
LOAD C:\NXP\bstudio_nxp\sdk\JN-SW-4168/Components/Library\libBoot_JN516x.a
LOAD C:\NXP\bstudio_nxp\sdk\JN-SW-4168/Platform/DK4/Library\libBoardLib_JN516x.a
END GROUP
LOAD c:/nxp/bstudio_nxp/sdk/tools/ba-elf-ba2-r36379/bin/../lib/gcc/ba-elf/4.7.4/../../../../ba-elf/lib/mcpu_jn51xx_sizeopt\libc.a
LOAD c:/nxp/bstudio_nxp/sdk/tools/ba-elf-ba2-r36379/bin/../lib/gcc/ba-elf/4.7.4/mcpu_jn51xx_sizeopt\libgcc.a
LOAD c:/nxp/bstudio_nxp/sdk/tools/ba-elf-ba2-r36379/bin/../lib/gcc/ba-elf/4.7.4/../../../../ba-elf/lib/mcpu_jn51xx_sizeopt\libc.a
                0x00000000000003e8                _minimum_heap_size = 0x3e8
                0x0000000000000fa0                _stack_size = 0xfa0
                0x0000000000080038                _exception_vsr_table = 0x80038
                0x0000000004000000                pSPIflashFncTable = 0x4000000
                0x00000000000003e8                _minimum_heap_size = 0x3e8
                0x0000000000000fa0                _stack_size = 0xfa0
                0x0000000000000044                restore_state = 0x44
                0x000000000000004a                bZSPIWaitWIPClear = 0x4a
                0x0000000000000050                u16ZSPIflashRDID = 0x50
                0x0000000000000056                u8SelectFlashChipType = 0x56
                0x000000000000005c                memcpy = 0x5c
                0x0000000000000066                vBootFlashProg = 0x66
                [0x00000000000003e8]                _minimum_heap_size = DEFINED (_minimum_heap_size)?_minimum_heap_size:0xd16
                0x0000000000000000                _SwConfig = (DEFINED (g_bSWConf_Debug) | (DEFINED (g_bSWConf_AltDebugPort) << 0x1))

.version        0x000000000007fffc        0x4
                0x000000000007fffc        0x4 LONG 0x7030008

.bir            0x0000000000080000       0x10
                0x0000000000080000                _flash_start = ABSOLUTE (.)
                0x0000000000080000                _flash_beg = ABSOLUTE (.)
                0x0000000000080000        0x4 LONG 0x12345678
                0x0000000000080004        0x4 LONG 0x11223344
                0x0000000000080008        0x4 LONG 0x55667788
                0x000000000008000c        0x1 BYTE 0x8
                0x000000000008000d        0x1 BYTE 0x1
                0x000000000008000e        0x2 SHORT 0x0

.flashheader    0x0000000000080010       0x28
                0x0000000000080010        0x4 LONG 0x0
                0x0000000000080014        0x4 LONG 0x0
                0x0000000000080018        0x4 LONG 0x0
                0x000000000008001c        0x2 SHORT 0x0
                0x000000000008001e        0x2 SHORT 0x0 ABSOLUTE (_SwConfig)
                0x0000000000080020                _enc_start = ABSOLUTE (.)
                0x0000000000080020        0x4 LONG 0x18bb0 ABSOLUTE (_image_len)
                0x0000000000080024        0x4 LONG 0x98480 ABSOLUTE (_flash_data_start)
                0x0000000000080028        0x2 SHORT 0x13 ((ABSOLUTE (_ram_data_start) / 0x4) & 0xffff)
                0x000000000008002a        0x2 SHORT 0x1cc ((ABSOLUTE (_ram_data_len) / 0x4) & 0xffff)
                0x000000000008002c        0x2 SHORT 0x1df ((ABSOLUTE (_bss_start) / 0x4) & 0xffff)
                0x000000000008002e        0x2 SHORT 0xb62 ((ABSOLUTE (_bss_len) / 0x4) & 0xffff)
                0x0000000000080030        0x4 LONG 0x8c755 ABSOLUTE (AppWarmStart)
                0x0000000000080034        0x4 LONG 0x8c761 ABSOLUTE (AppColdStart)
                0x0000000000000000                _enc_offset = (_enc_start & 0xf)

.rodata         0x0000000000080038     0x12a1
 *(.rodata*)
 .rodata.str1.1
                0x0000000000080038       0x6d C:\Users\hp8460p\AppData\Local\Temp\cc0cmzLm.ltrans0.ltrans.o
 *fill*         0x00000000000800a5        0x3 00
 .rodata        0x00000000000800a8       0x14 C:\Users\hp8460p\AppData\Local\Temp\cc0cmzLm.ltrans0.ltrans.o
                0x00000000000800a8                g_u32ApsFcSaveCountBitShift
                0x00000000000800ac                u8MaxZpsConfigEp
                0x00000000000800ad                au8EpMapPresent
                0x00000000000800b4                s_groupPdmTable
 .rodata        0x00000000000800bc       0x30 C:\Users\hp8460p\AppData\Local\Temp\cc0cmzLm.ltrans1.ltrans.o
 .rodata.str1.1
                0x0000000000000000       0x6d C:\Users\hp8460p\AppData\Local\Temp\cc0cmzLm.ltrans1.ltrans.o
                                          0x8 (size before relaxing)
 .rodata        0x00000000000800ec       0x10 C:\Users\hp8460p\AppData\Local\Temp\cc0cmzLm.ltrans2.ltrans.o
 .rodata.str1.1
                0x00000000000800fc      0x1e5 C:\Users\hp8460p\AppData\Local\Temp\cc0cmzLm.ltrans3.ltrans.o
                                        0x1ef (size before relaxing)
 .rodata.str1.1
                0x00000000000802e1        0x4 C:\Users\hp8460p\AppData\Local\Temp\cc0cmzLm.ltrans4.ltrans.o
                                          0x8 (size before relaxing)
 .rodata        0x00000000000802e5        0x6 C:\Users\hp8460p\AppData\Local\Temp\cc0cmzLm.ltrans5.ltrans.o
 .rodata.str1.1
                0x00000000000802eb        0x3 C:\Users\hp8460p\AppData\Local\Temp\cc0cmzLm.ltrans5.ltrans.o
 .rodata.str1.1
                0x00000000000802ee      0x12f C:\Users\hp8460p\AppData\Local\Temp\cc0cmzLm.ltrans7.ltrans.o
 .rodata.str1.1
                0x000000000008041d       0x1e C:\Users\hp8460p\AppData\Local\Temp\cc0cmzLm.ltrans8.ltrans.o
                                         0x28 (size before relaxing)
 .rodata.str1.1
                0x000000000008043b        0x6 C:\Users\hp8460p\AppData\Local\Temp\cc0cmzLm.ltrans9.ltrans.o
 .rodata        0x0000000000080441        0x6 C:\Users\hp8460p\AppData\Local\Temp\cc0cmzLm.ltrans9.ltrans.o
 .rodata        0x0000000000080447       0x10 C:\Users\hp8460p\AppData\Local\Temp\cc0cmzLm.ltrans11.ltrans.o
                0x0000000000080447                au8FlashWaitStatesHSRCO.87343
                0x000000000008044f                au8FlashWaitStates32MXO.87342
 *fill*         0x0000000000080457        0x1 00
 .rodata        0x0000000000080458       0x20 C:\Users\hp8460p\AppData\Local\Temp\cc0cmzLm.ltrans12.ltrans.o
                0x0000000000080458                au32NwkPdmRecordOffsets
 .rodata.str1.1
                0x0000000000080478       0xbb C:\Users\hp8460p\AppData\Local\Temp\cc0cmzLm.ltrans13.ltrans.o
                                         0xd1 (size before relaxing)
 *fill*         0x0000000000080533        0x1 00
 .rodata        0x0000000000080534      0x438 C:\Users\hp8460p\AppData\Local\Temp\cc0cmzLm.ltrans13.ltrans.o
                0x0000000000080538                zps_g_pvApl
                0x000000000008053c                au32UartAddrOffset
                0x0000000000080544                pwrm_psWakeupCallbacks
 .rodata.str1.1
                0x000000000008096c      0x10a C:\Users\hp8460p\AppData\Local\Temp\cc0cmzLm.ltrans16.ltrans.o
 .rodata.str1.1
                0x0000000000080a76        0x5 C:\Users\hp8460p\AppData\Local\Temp\cc0cmzLm.ltrans18.ltrans.o
                                         0x13 (size before relaxing)
 *fill*         0x0000000000080a7b        0x1 00
 .rodata        0x0000000000080a7c       0x94 C:\Users\hp8460p\AppData\Local\Temp\cc0cmzLm.ltrans18.ltrans.o
                0x0000000000080a7c                zps_pacNwkFrmStdByteFmt
                0x0000000000080a80                zps_pacNwkFrmStdLongFmt
                0x0000000000080a84                zps_pacNwkFrmStdHalfFmt
 .rodata.str1.1
                0x0000000000080b10        0x3 C:\Users\hp8460p\AppData\Local\Temp\cc0cmzLm.ltrans19.ltrans.o
                                         0x1f (size before relaxing)
 .rodata.str1.1
                0x0000000000080b13       0x22 C:\Users\hp8460p\AppData\Local\Temp\cc0cmzLm.ltrans20.ltrans.o
                                         0x39 (size before relaxing)
 *fill*         0x0000000000080b35        0x3 00
 .rodata        0x0000000000080b38      0x124 C:\Users\hp8460p\AppData\Local\Temp\cc0cmzLm.ltrans20.ltrans.o
                0x0000000000080b38                g_bStopZdpAcks
 .rodata.str1.1
                0x0000000000080c5c        0x6 C:\Users\hp8460p\AppData\Local\Temp\cc0cmzLm.ltrans21.ltrans.o
                                         0x19 (size before relaxing)
 .rodata.str1.1
                0x0000000000080c62       0x1c C:\Users\hp8460p\AppData\Local\Temp\cc0cmzLm.ltrans23.ltrans.o
                                         0x40 (size before relaxing)
 .rodata.str1.1
                0x0000000000000000        0x6 C:\Users\hp8460p\AppData\Local\Temp\cc0cmzLm.ltrans24.ltrans.o
 .rodata.str1.1
                0x0000000000080c7e        0x7 C:\Users\hp8460p\AppData\Local\Temp\cc0cmzLm.ltrans25.ltrans.o
                                          0xc (size before relaxing)
 .rodata.str1.1
                0x0000000000000000        0x7 C:\Users\hp8460p\AppData\Local\Temp\cc0cmzLm.ltrans28.ltrans.o
                                          0x4 (size before relaxing)
 *fill*         0x0000000000080c85        0x3 00
 .rodata        0x0000000000080c88       0x88 C:\Users\hp8460p\AppData\Local\Temp\cc0cmzLm.ltrans28.ltrans.o
                0x0000000000080c88                g_u32NwkFcSaveCountBitShift
 .rodata.str1.1
                0x0000000000000000        0x7 C:\Users\hp8460p\AppData\Local\Temp\cc0cmzLm.ltrans29.ltrans.o
                                          0x4 (size before relaxing)
 .rodata.str1.1
                0x0000000000080d10      0x5c9 C:\Users\hp8460p\AppData\Local\Temp\cc0cmzLm.ltrans31.ltrans.o
                                        0x60b (size before relaxing)

.text           0x00000000000812e0    0x1719e
 *(.text*)
 .text          0x00000000000812e0     0x13a8 C:\Users\hp8460p\AppData\Local\Temp\cc0cmzLm.ltrans0.ltrans.o
                0x00000000000812e0                APP_TIMER_Version_1v0
                0x00000000000812e0                vInitialiseApp.3058
 .text          0x0000000000082688      0xe81 C:\Users\hp8460p\AppData\Local\Temp\cc0cmzLm.ltrans1.ltrans.o
                0x0000000000082695                eBasicTxCompleteHandler
                0x000000000008269a                vTxRxTimeout.84980
                0x00000000000826fa                eSmeAcScBeaconInd.77071
                0x0000000000082756                eSmeASFlBeaconInd.76908
                0x0000000000082778                eSmeUDNTScanDcfm.76361
                0x00000000000827ff                zps_eNwkHandleSmePollDcfm
                0x0000000000082829                eLeaveDataDcfmRemoteLeave.81597
                0x000000000008286f                eSmeGenlScanDcfm.76900
                0x00000000000828cd                eSmeEdScScanDcfm.76896
                0x0000000000082a74                eSmeAcScBeaconInd.76916
                0x0000000000082b7c                eSmeUDNTBeaconInd.76892
                0x0000000000082b9f                ZPS_eTsvOpen
                0x0000000000082bb9                zps_vNwkBttMgrInit
                0x0000000000082be7                vMiniMac_ReturnTxBufferCallback
                0x0000000000082bf9                vEnableReceive.84985
                0x0000000000082c29                pvHeap_Alloc
                0x0000000000082c2c                vMicroIntRestoreState
                0x0000000000082c38                bAHI_WriteEEPROMfixSegmentData
                0x0000000000082c96                bAHI_InitialiseEEPROM
                0x0000000000082cde                vAHI_ReadDataFromEEPROMregister
                0x0000000000082d0b                vAHI_WriteDataIntoEEPROMregister
                0x0000000000082d3b                iPDM_WriteSegmentHeaderDataIntoEEPROMsegment
                0x0000000000082d6a                u8AHI_WakeTimerFiredStatus
                0x0000000000082d7e                vAHI_WakeTimerStop.part.3.87837
                0x0000000000082d9e                vAHI_UartReset.part.4.87591
                0x0000000000082dd6                vAHI_OptimiseWaitStates
                0x0000000000082e22                vAHI_CpuDoze
                0x0000000000082e35                vAHI_SwReset
                0x0000000000082e46                vAHI_DioSetOutput
                0x0000000000082e5a                vAHI_DioSetDirection
                0x0000000000082e6e                vEcbEncodeStripe.87051
                0x0000000000082ec5                bIssueACIcommand
                0x0000000000082f5b                AESSW_vMMOBlockUpdate
                0x0000000000082fcd                vRadioToOff
                0x0000000000082fea                vStartReceive
                0x0000000000082ff9                MAC_u64GetExtAddr
                0x0000000000083014                ZPS_u64NwkNibFindExtAddr
                0x00000000000830bf                ZPS_u16NwkNibFindNwkAddr
                0x0000000000083165                psSearchForFrameToSend
                0x00000000000831b3                eMiniMac_FrameInProgress
                0x00000000000831de                vRemoveFromTxQueue
                0x000000000008321a                vAddToTxQueue
                0x0000000000083250                u8GetHeaderSize
                0x0000000000083278                vMiniMac_MLME_SetReq_MinBe
                0x000000000008329d                zps_vSendJoinInd
                0x000000000008330e                zps_psFormatCmdFrameGeneral
                0x0000000000083389                zps_eNwkFormStInit
                0x000000000008339e                vSendDcfm.77589
                0x00000000000833c3                bCheckMatchingEntry.77066
                0x00000000000833e9                zps_psNwkSlistRemoveFromHead
                0x0000000000083400                zps_psNwkSlistRemove
                0x0000000000083438                zps_bNwkMcpsMgrRemoveDescrFromLists
                0x0000000000083476                zps_vNwkSlistAddToTail
                0x0000000000083490                ZPS_vNwkSecResetDevice
                0x00000000000834d5                ZPS_bNwkSecHaveNetworkKey
 .text          0x0000000000083509      0xe54 C:\Users\hp8460p\AppData\Local\Temp\cc0cmzLm.ltrans2.ltrans.o
                0x0000000000083509                DBG_vUartFlush
                0x0000000000083536                DBG_vUartPutch
                0x000000000008357c                iPDM_ReadUserDataFromEEPROMsegment
                0x00000000000835f8                vPDM_WriteFileSystemRecordAndSegmentDataIntoEEPROMsegment
                0x000000000008363b                vPostTxActions.85071
                0x0000000000083678                vMiniMac_TxComplete
                0x0000000000083804                vMiniMac_NextTransaction
                0x000000000008386e                MAC_vPibSetRxOnWhenIdle.constprop.73
                0x0000000000083876                vMiniMac_Init
                0x0000000000083b7c                eTransmit
                0x0000000000083c59                iPDM_FilterDuplicateAppendedSegmentsOnList.64917
                0x0000000000083caf                vDispatch.4997
                0x0000000000083d81                OS_eStartSWTimer.constprop.62
                0x0000000000083e82                OS_eContinueSWTimer.constprop.31
                0x0000000000083f7b                OS_ePostMessage
                0x00000000000840e1                OS_eExitCriticalSection
                0x00000000000841c6                OS_eActivateTask
                0x0000000000084261                vPostMlmeDcfmInd.22737
                0x0000000000084304                iPDM_ReadSegmentHeaderDataFromEEPROMsegment
 .text          0x000000000008435d      0xf9f C:\Users\hp8460p\AppData\Local\Temp\cc0cmzLm.ltrans3.ltrans.o
                0x000000000008435d                PDUM_hAPduAllocateAPduInstance
                0x00000000000843d1                zps_eAplZdoSendZdpResponse
                0x000000000008441a                bSendResponse.39541
                0x000000000008445d                PDUM_eAPduFreeAPduInstance
                0x00000000000844e0                zps_bAplZdoMatchDescServer.part.0.27747
                0x00000000000847a6                zps_bAplZdoNodeDescServer
                0x0000000000084942                zps_bAplZdoSimpleDescServer
                0x0000000000084b48                zps_bAplZdoPowerDescServer
                0x0000000000084c95                zps_bAplZdoActiveEpServer
                0x0000000000084dae                zps_bAplZdoSystemServerDiscoveryServer
                0x0000000000084e6b                zps_bAplZdoMgmtLqiServer
                0x0000000000085088                zps_bAplZdoMgmtRtgServer
                0x00000000000851b8                os_vAPP_taskMyEndPoint
                0x00000000000852be                vLoadNwkRecord.69757
 .text          0x00000000000852fc      0xc02 C:\Users\hp8460p\AppData\Local\Temp\cc0cmzLm.ltrans4.ltrans.o
                0x00000000000852fc                zps_bAplZdoNwkAddrServer
                0x00000000000854b9                zps_bAplZdoIeeeAddrServer
                0x0000000000085648                zps_bAplZdoMatchDescServer
                0x0000000000085693                vAHI_Sleep
                0x0000000000085744                zps_vSendJoinDcfm
                0x000000000008578a                vGiveUp.80173
                0x00000000000857b3                PDUM_eNPduAllocate
                0x0000000000085822                zps_u8AplApsConstructAndPostLoopBackDataInd.10762
                0x0000000000085976                u8PostUnicastMsgToNHLE.10770
                0x00000000000859af                vPostMcpsDcfmInd.22744
                0x0000000000085b05                PDUM_eNPduClone
                0x0000000000085b51                PDUM_eNPduFree
                0x0000000000085bbe                vPostVsMcpsDcfmInd.22751
                0x0000000000085c86                zps_vNwkMcpsMgrFreeReqDescr
                0x0000000000085cb0                zps_vNwkRemoveConflictedBroadcast
                0x0000000000085d02                vFreePendingReqDescr
                0x0000000000085d42                vHandleRouteDiscoveryExpiry.72674
                0x0000000000085d9d                zps_vNwkMcpsMgrTidyBtrReqDescr
                0x0000000000085de0                vNwkBttTimerExpiry.75170
 .text          0x0000000000085efe      0xb5e C:\Users\hp8460p\AppData\Local\Temp\cc0cmzLm.ltrans5.ltrans.o
                0x0000000000085f34                os_vAPP_cbDisableTickTimer
                0x0000000000085f78                DBG_iUartGetChar
                0x0000000000085fc8                os_vAPP_cbEnableTickTimer
                0x0000000000086048                eOrphanNotificationSent.85753
                0x0000000000086091                DBG_vUartInitHardware
                0x00000000000861ce                dbg_vPrintfImplNoneVerbose
                0x0000000000086655                ZPS_bSecDecrypt
                0x0000000000086767                boPDM_IsBitmapSaturated.64636
                0x00000000000867b0                iPDM_SearchForBufferIdInList
                0x00000000000867e5                iPDM_SearchForBufferIdInFileSystem
                0x00000000000867f8                iPDM_GetLengthOfDataInBufferWithIdFromFileSystem
                0x0000000000086854                iPDM_SearchForSpecificSegmentInList
                0x0000000000086886                psGetTxFrameBuffer
                0x00000000000868bf                psGetAndBuildCoordRealignment
                0x0000000000086917                eBuildAndSend.85761
                0x000000000008698c                iPDM_ReCalculateWearCountAndChecksumAndWriteFileSystemHeader
                0x00000000000869d6                vPDM_SetEEPROMandFileSystemValidState
                0x00000000000869fd                iPDM_ReadUserDataFromFileSystemRecord
                0x0000000000086a27                iPDM_ReadUserDataFromSegmentWithId
 .text          0x0000000000086a5c      0xeaa C:\Users\hp8460p\AppData\Local\Temp\cc0cmzLm.ltrans6.ltrans.o
                0x0000000000086a5c                vPermitJoinHandleExpiry.71948
                0x0000000000086a65                vNwkMcpsTimerCallback
                0x0000000000086a7f                zps_eSceGenlIllegal
                0x0000000000086a86                zps_eSmeGenlIllegal
                0x0000000000086a8d                DBG_vUartFailedAssert
                0x0000000000086a91                psGetVsMcpsBuf.22748
                0x0000000000086a9a                psGetMlmeBuf.22734
                0x0000000000086aa3                psGetMcpsBuf.22741
                0x0000000000086aac                psGetNlmeBuf.8164
                0x0000000000086ab6                psGetNldeBuf.8185
                0x0000000000086ac0                psGetApsmeBuf.8171
                0x0000000000086ac9                psGetApsdeBuf.8178
                0x0000000000086acf                vLoopbackTimerCallback
                0x0000000000086afe                ZPS_bNwkSecFindMatSet
                0x0000000000086b3a                zps_eNwkRctMatchNwkAddr
                0x0000000000086ba4                ZPS_u8NwkCalcNldeReqOverhead
                0x0000000000086bdf                zps_vRemoveNextHop
                0x0000000000086c6d                zps_vRemoveRoute
                0x0000000000086d08                zps_psNwkRtMatchNwkAddr
                0x0000000000086d57                ZPS_u64NwkNibGetMappedIeeeAddr
                0x0000000000086d79                ZPS_bNwkNibNtActvMatch
                0x0000000000086e31                bCheckNwkAddr
                0x0000000000086e7f                ZPS_vSetExtendedStatus
                0x0000000000086e91                zps_eNwkRtMatch
                0x0000000000086f8e                zps_psApsApsAllocateDcfmRecord
                0x0000000000086ffc                zps_u8CalcLinkCost
                0x0000000000087038                ZPS_u8NwkNibNtDiscMatch
                0x000000000008711c                zps_u64NwkLibFromPayload
                0x000000000008715b                zps_vNwkLibU64ToPayload
                0x0000000000087188                zps_vInitBeaconPayload
                0x0000000000087204                ZPS_vNtSetUsedStatus
                0x0000000000087272                zps_eNwkDcfmIndPost
                0x0000000000087295                zps_psNwkDcfmIndGetBuf
                0x00000000000872b7                eRouteRequestDataDcfm.73110
                0x000000000008730b                eNldeDataDcfm.70962
                0x000000000008733b                zps_vSendNwkStatusInd
                0x000000000008736b                vPDM_ReadBitmapHeader.64600
                0x000000000008738a                psSLISTsearch
                0x00000000000873ca                psSLISTremove
                0x0000000000087448                psSLISTgetNext
                0x000000000008746c                u8PDM_CalculateFileSystemCapacity
                0x000000000008748a                u8PDM_CalculateLargestDataRecordStored
                0x00000000000874bb                bPDM_ImageBitmapRepairCheck
                0x00000000000874e3                u8PDM_ReadSequenceNumber
                0x0000000000087506                boSegmentNumberDeleteSearchMatch.64178
                0x0000000000087521                u32PDM_ReadFileSystemHeaderWearCount
                0x0000000000087537                boSearchForWearCountSubstitute.64500
                0x000000000008755d                boSearchForWearCountInsertPoint.63749
                0x000000000008757b                vPDM_WriteFileSystemHeaderWearCount
                0x000000000008758d                u8PDM_CalculateSegmentsRequired.part.0.62885
                0x00000000000875bb                RND_u32GetRand256
                0x00000000000875d8                RND_u32GetRand
                0x00000000000875ff                u16CalculateFailedTxCount.40718
                0x0000000000087629                zps_bAplZdoServerHandleConfirmAcks
                0x0000000000087673                zps_bPerformLeaveActionDecider
                0x0000000000087678                vHandleUpdateDeviceIndication.17147
                0x00000000000876a2                u32GetScanChannels.17134
                0x00000000000876cd                bDuplicateCheck.12413
                0x00000000000877bc                zps_vAplApsFillAndPostApsAck
                0x0000000000087826                zps_u8AplApsFreeMsgHandle
                0x0000000000087890                bCheckProfile.8023
                0x00000000000878ce                ZPS_bIsGroupPresent
 .text.unlikely
                0x0000000000087906       0xd0 C:\Users\hp8460p\AppData\Local\Temp\cc0cmzLm.ltrans6.ltrans.o
                0x0000000000087906                bIsBindTableMatch.12138
                0x0000000000087957                eRemoveEntryInBindingTable.12166
 *fill*         0x00000000000879d6        0x2 00
 .text          0x00000000000879d8      0xa78 C:\Users\hp8460p\AppData\Local\Temp\cc0cmzLm.ltrans7.ltrans.o
                0x00000000000879d8                vPdmEventHandlerCallback
                0x0000000000087a7d                vPDM_AddFileSystemElementToListInAscendingWearCountOrder
                0x0000000000087b74                iPDM_WriteSegmentHeaderAndData
                0x0000000000087d7d                vPDM_MoveAllDataFromListToList
                0x0000000000087dbb                vPDM_MoveAllDataToDeAllocList.constprop.79
                0x0000000000087de6                vPDM_MoveAllDataWithBufferIdAndStateFromListToList
                0x0000000000087e71                vPDM_MoveAllDataWithBufferIdFromListToList
                0x0000000000087ef6                vPDM_DeleteAllSegmentsWithIdFromFileSystemList.constprop.58
                0x0000000000087f38                vPDM_MoveFileRecordFromListToList
                0x0000000000088047                iPDM_VerifyDataSequenceWithBufferId
                0x00000000000880ed                vPDM_MoveRecordToDeAllocList
                0x000000000008810d                vPDM_DeleteAppendedSequence
                0x00000000000881af                PDM_eFullSegmentSave.64297
                0x0000000000088312                PWRM_vManagePower
 .text          0x0000000000088450      0xcf5 C:\Users\hp8460p\AppData\Local\Temp\cc0cmzLm.ltrans8.ltrans.o
                0x0000000000088450                vMcpsMgrExpiry.68821
                0x00000000000884af                zps_vNwkHandleCmeRouteDiscoveryReq
                0x0000000000088535                ZPS_vNwkResetOutgoingFrameCounter
                0x0000000000088589                zps_psSendBroadcastFrm.part.0.78230
                0x00000000000885e7                ZPS_vNwkHandleNldeReqRsp
                0x00000000000887ee                eUnfragmentedUnicastTransmission.10744
                0x0000000000088d8e                vHandleTransportKeyFrame.13525
                0x0000000000088fb0                zps_eAplApsmeUpdateDeviceReqRsp.part.4.12295
                0x000000000008911c                zps_vAplApsmeCmdMgrRetryTimeout.12130
 .text          0x0000000000089145      0xde4 C:\Users\hp8460p\AppData\Local\Temp\cc0cmzLm.ltrans9.ltrans.o
                0x0000000000089145                zps_vAplSaveRecord
                0x0000000000089200                zps_bNwkFindAddIeeeAddr
                0x0000000000089290                zps_eNwkHandleSceLinkStatus
                0x00000000000893a3                ZPS_bNwkNibAddrMapAddEntry
                0x0000000000089563                zps_vAgeRouter
                0x00000000000896dc                zps_psAllocateAndFormatMacHdr
                0x0000000000089995                zps_psNwkInitCmdFrame
                0x0000000000089b2e                zps_vLinkStatusHandleExpiry
                0x0000000000089bb4                vSendNetworkUpdate.67944
                0x0000000000089cef                zps_vJoinInitNtParent
                0x0000000000089d9d                eSmeOrphScanDcfm.80617
                0x0000000000089e15                eCheckAddrConflict.68173
                0x0000000000089ecb                ZPS_vRemoveEntryFromAddressMap
                0x0000000000089f12                ZPS_vNwkSaveAllRecords
 .text.unlikely
                0x0000000000089f29       0x5c C:\Users\hp8460p\AppData\Local\Temp\cc0cmzLm.ltrans9.ltrans.o
                0x0000000000089f29                vInitUnknownNeighbor.68833
 .text          0x0000000000089f85      0xb6a C:\Users\hp8460p\AppData\Local\Temp\cc0cmzLm.ltrans10.ltrans.o
                0x0000000000089f85                eBeaconReqSent.85757
                0x0000000000089fac                vIncrementFrameCounterInPdm.isra.0.70188
                0x000000000008a188                vProcessListsForSubmission.68922
                0x000000000008a4fa                zps_sNwkNibNtCheckJoin
                0x000000000008a774                zps_vNwkHandleCmeDirectJoinReq
                0x000000000008a7f3                vPDM_ImageBitmapRepair.63668
                0x000000000008a854                zps_psFindKeyDescr
                0x000000000008a980                zps_eAplSecEncryptPacket
                0x000000000008aa72                vAplSecRemoveLinkKey.17239
 .text.unlikely
                0x000000000008aaef       0xaa C:\Users\hp8460p\AppData\Local\Temp\cc0cmzLm.ltrans10.ltrans.o
                0x000000000008aaef                eMakeEntryInBindingTable.12184
 .text          0x000000000008ab99      0xadf C:\Users\hp8460p\AppData\Local\Temp\cc0cmzLm.ltrans11.ltrans.o
                0x000000000008ab99                os_u32APP_cbGetTickTimer
                0x000000000008aba2                os_bAPP_cbSetTickTimerCompare
                0x000000000008abfe                vZdoServersInit.2780
                0x000000000008accd                boIdValueSearchMatch.63753
                0x000000000008ae81                u16PDM_CalculateRecordChecksum
                0x000000000008af2c                zps_psNwkMcpsMgrFindPendingByNwkDstAddr
                0x000000000008af62                PWRM_vWakeInterruptCallback
                0x000000000008afe9                ZPS_vNwkNibClearTables
                0x000000000008b104                zps_vBuildSortedActvNTList
                0x000000000008b1aa                zps_vCheckActvNtForDuplicate
                0x000000000008b205                zps_vTidyActvNtAfterJoin
                0x000000000008b253                eUnsolicitedRejoinRspDataDcfm.67952
                0x000000000008b27e                vMicroIntEnableOnly.constprop.84
                0x000000000008b2aa                vSetChannelAndPower
                0x000000000008b348                vMiniMac_MLME_SetReq_PanId
                0x000000000008b385                vMiniMac_MLME_SetReq_ShortAddr
                0x000000000008b393                iAHI_WriteDataIntoEEPROMsegment.constprop.67
                0x000000000008b3e1                vACI_OptimisedCcmStar.constprop.24
                0x000000000008b5cc                vSendRouteDiscoveryDcfm.73105.constprop.23
                0x000000000008b5f5                zps_eNwkRtDiscMatch.constprop.21
                0x000000000008b648                vTransformKey.isra.0.13670
 .text.unlikely
                0x000000000008b678       0xcd C:\Users\hp8460p\AppData\Local\Temp\cc0cmzLm.ltrans11.ltrans.o
                0x000000000008b68d                vAHI_MemoryHold.87271
 .text          0x000000000008b745      0x8fe C:\Users\hp8460p\AppData\Local\Temp\cc0cmzLm.ltrans12.ltrans.o
                0x000000000008b745                iPDM_SegmentCopyAndAppendData.constprop.78
                0x000000000008b79f                iPDM_ReconstructReplacedDataTable
                0x000000000008b946                iPDM_ReplaceChangedSegmentInSequence
                0x000000000008ba35                PDM_eSaveRecordData
                0x000000000008bd0c                ZPS_vNwkSaveRecord
                0x000000000008bd38                ZPS_vNwkNibSetNwkAddr
                0x000000000008bd55                zps_eNwkHandleSceRejnResponse
                0x000000000008bdb2                ZPS_vNwkNibSetExtPanId
                0x000000000008bdd6                vFinish.80607
                0x000000000008be2b                ZPS_vNwkNibSetDepth
                0x000000000008be33                ZPS_vNwkNibSetPanId
                0x000000000008be50                ZPS_vNwkNibSetCapabilityInfo
                0x000000000008be7c                ZPS_vNwkNibSetChannel
                0x000000000008be99                ZPS_vNwkSaveNt
                0x000000000008beac                zps_eNwkHandleSmeCommStatusInd
                0x000000000008bf60                eRejoinRspDataDcfm.79433
                0x000000000008c02f                ZPS_vNwkSaveSecMat
 .text          0x000000000008c043      0xbc8 C:\Users\hp8460p\AppData\Local\Temp\cc0cmzLm.ltrans13.ltrans.o
                0x000000000008c043                zps_eZdpNodeDescResponse
                0x000000000008c0eb                zps_eZdpSimpleDescResponse
                0x000000000008c4f2                zps_eZdpNwkAddrResponse
                0x000000000008c5d5                zps_eZdpIeeeAddrResponse
                0x000000000008c6b8                zps_eZdpPowerDescResponse
                0x000000000008c755                AppWarmStart
                0x000000000008c761                AppColdStart
                0x000000000008c9b0                os_vUnclaimedInterrupt
                0x000000000008c9c2                os_vControlledIntCheck
                0x000000000008ca07                os_vControlledInterrupt
                0x000000000008ca40                os_vUart0GetData
                0x000000000008caad                os_vAPP_isrIllegalInstructionException
                0x000000000008cac3                os_vAPP_isrAlignmentException
                0x000000000008cad9                os_vAPP_isrBusErrorException
                0x000000000008caef                os_vAPP_isrUnimplementedModuleException
                0x000000000008cb05                os_vAPP_isrStackOverflowException
                0x000000000008cb1b                os_vAPP_isrTickTimer
 *fill*         0x000000000008cc0b        0x1 00
 .text          0x000000000008cc0c      0xba0 C:\Users\hp8460p\AppData\Local\Temp\cc0cmzLm.ltrans14.ltrans.o
                0x000000000008cdb5                vHandleRejoinExpiry.80169
                0x000000000008ce12                zps_eRejoinDataDcfm
                0x000000000008ce56                eSmeAsocAssocDcfm.80777
                0x000000000008cecd                eSmeRjPCPollDcfm.80773
                0x000000000008cf0e                eSceRjRsRejoinRsp.80741
                0x000000000008cfc3                zps_eNwkHandleSceNwkStatus
                0x000000000008d17f                zps_sNwkLibSubmitScan
                0x000000000008d1b8                zps_vNwkDiscUpdateNT
                0x000000000008d255                zps_vNwkHandleCmeNwkJoinReq
                0x000000000008d4cd                eSmeEdScScanDcfm.77598
                0x000000000008d55d                zps_vNwkHandleCmeEdScanReq
                0x000000000008d59c                zps_eProcessAddrConflict
                0x000000000008d749                ZPS_vNwkNibCheckAndUpdateAddresses
 .text          0x000000000008d7ac      0xa1f C:\Users\hp8460p\AppData\Local\Temp\cc0cmzLm.ltrans15.ltrans.o
                0x000000000008d7ac                vMiniMac_InterruptHandler
                0x000000000008db15                os_vzps_isrMAC
                0x000000000008db4b                eAssocRespSent.85343
                0x000000000008db6a                zps_vNwkHandleCmeSyncReq
                0x000000000008dbb3                zps_vNwkHandleCmeIdleNwkFormReq
                0x000000000008dc5b                zps_vReAttemptScanTimerHandleExpiry
                0x000000000008dcb2                zps_vNwkHandleCmeNwkDiscReq
                0x000000000008dd2c                zps_eNwkHandleSmeBeaconNotifyInd
                0x000000000008ddb0                zps_eNwkHandleSceNwkReport
                0x000000000008de2e                zps_vNwkHandleCmeNwkActvJoinReq
                0x000000000008de3a                ZPS_pvNwkCtor.constprop.71
 .text          0x000000000008e1cb      0xc60 C:\Users\hp8460p\AppData\Local\Temp\cc0cmzLm.ltrans16.ltrans.o
                0x000000000008e1cb                vfExtendedStatusCallBack.3054
                0x000000000008e1d7                os_vButtonScan
                0x000000000008e2d9                vOSError
                0x000000000008e331                os_vUartCommandExec
                0x000000000008e3bc                OS_eEnterCriticalSection
                0x000000000008e484                PDM_eReadDataFromRecord.part.0.63003
                0x000000000008e507                vLoadAplRecord.17174
                0x000000000008e53b                vMiniMac_McpsCallback
                0x000000000008e6dd                eMcpsTxCompleteHandler.84669
                0x000000000008e70b                ZPS_eTsvStart
                0x000000000008e79b                zps_eNwkHandleSceNwkUpdate
                0x000000000008e7bf                vProcessTimedList.68842
                0x000000000008e805                zps_vNwkMcpsMgrPostTimed
                0x000000000008e818                vNwkMcpsSendTimedDfcm
                0x000000000008e85c                zps_vCleanUnAuthenHandleExpiry
                0x000000000008e8cc                zps_vAplAfPostTimerEvent
                0x000000000008e949                zps_vExpireOldRoutes
                0x000000000008e9ab                zps_vNwkJoinStStartResponseTimer
                0x000000000008e9e5                ZPS_eTsvStop
                0x000000000008ea39                zps_vNwkHandleCmePermitJoinReq
                0x000000000008eaa1                zps_eNwkBtrMatch
                0x000000000008eb96                zps_vAplApsStopPollTimer.part.2.10645
                0x000000000008ec1d                ZPS_bSecEncrypt
                0x000000000008edd3                DBG_vDumpStack
                0x000000000008ee15                vUnclaimedInterrupt
 *fill*         0x000000000008ee2b        0x1 00
 .text          0x000000000008ee2c      0x9f8 C:\Users\hp8460p\AppData\Local\Temp\cc0cmzLm.ltrans17.ltrans.o
                0x000000000008ee2c                zps_vAplApsPollTimer
                0x000000000008ee8e                vAplSecAuthPollTimerExpiry.17129
                0x000000000008eee6                vAplSecAuthTimerExpiry.17125
                0x000000000008efb6                eRejoinNetwork.17161.constprop.64
                0x000000000008f052                eJoinNetwork.17187
                0x000000000008f103                eDiscoverNetworks.17194
                0x000000000008f15f                eStartNetworkDiscovery.17201
                0x000000000008f1c9                zps_eAplZdoStartStack
                0x000000000008f2d1                eStartRouter.17211
                0x000000000008f3a0                vPostApsmeDcfmInd.8174
 .text          0x000000000008f824      0xb70 C:\Users\hp8460p\AppData\Local\Temp\cc0cmzLm.ltrans18.ltrans.o
                0x000000000008f824                vStartScanTimerExpiry.40714
                0x000000000008f860                ZPS_vNwkHandleMcpsVsDcfmInd
 *fill*         0x0000000000090394        0x0 00
 .text          0x0000000000090394      0xa84 C:\Users\hp8460p\AppData\Local\Temp\cc0cmzLm.ltrans19.ltrans.o
                0x0000000000090394                vPostNldeDcfmInd.8188
 .text          0x0000000000090e18      0x937 C:\Users\hp8460p\AppData\Local\Temp\cc0cmzLm.ltrans20.ltrans.o
                0x0000000000090e18                os_vzps_taskZPS
                0x0000000000090fdc                zps_eAplZdpApsdeReqInternal
                0x00000000000913f5                zps_bAplZdoDefaultServer
                0x00000000000916cb                zps_eZdpMgmtLeaveResponse
                0x00000000000916ec                zps_eZdpMgmtPermitJoiningResponse
                0x000000000009170d                zps_eAplZdpBindResponse
                0x000000000009172e                zps_eZdpUnbindResponse
 .text          0x000000000009174f      0xb83 C:\Users\hp8460p\AppData\Local\Temp\cc0cmzLm.ltrans21.ltrans.o
                0x000000000009174f                vSendNetworkReport.67940
                0x0000000000091829                zps_psNwkInitiateRouteDiscovery
                0x0000000000091adf                zps_psSendFrm
                0x0000000000091dab                zps_eNwkHandleSceRouteRecord
                0x0000000000091e5a                zps_psNwkSendRejoinReqCmd.constprop.12
                0x0000000000091eb5                zps_u8NwkHandleRejoinReq
                0x0000000000091f6d                vContinueRejoin.79429
                0x0000000000092027                zps_psSendNetworkStatusCmd
                0x0000000000092094                zps_vProcessLocalAddrConflict
                0x0000000000092162                zps_eDefaultDataDcfm
 *fill*         0x00000000000922d2        0x2 00
 .text          0x00000000000922d4      0xa60 C:\Users\hp8460p\AppData\Local\Temp\cc0cmzLm.ltrans22.ltrans.o
                0x000000000009248c                vSendMlmeCommStatusFromTxFrame
                0x00000000000924e2                MAC_vHandleMlmeVsReqRsp.constprop.80
                0x0000000000092a26                vScanBeaconReceived
                0x0000000000092a71                vRunningRxCallback
 .text          0x0000000000092d34      0x97a C:\Users\hp8460p\AppData\Local\Temp\cc0cmzLm.ltrans23.ltrans.o
                0x0000000000092d34                zps_eZdpActiveEpResponse
                0x0000000000092dca                zps_eZdpMatchDescResponse
                0x0000000000092e60                zps_eZdpSystemServerDiscoveryResponse
                0x0000000000092ecf                zps_eAplZdpMgmtLqiResponse
                0x0000000000092fb7                zps_eAplZdpMgmtRtgResponse
                0x000000000009307e                zps_eZdpMgmtNwkUpdateNotifyResponse
                0x0000000000093238                zps_bAplZdoZdoClient
 .text          0x00000000000936ae      0x996 C:\Users\hp8460p\AppData\Local\Temp\cc0cmzLm.ltrans24.ltrans.o
                0x000000000009372c                zps_bAplZdoMgmtLeaveServer
                0x0000000000093877                zps_vAplAfPostEvent
                0x0000000000093c7a                vPostApsdeDcfmInd.8181
                0x0000000000093e83                zps_vHandleApsdeDataFragIndNotSupported
                0x0000000000093f4b                zps_eAplZdoNlmePermitJoiningWrapper
                0x0000000000093f73                zps_bAplZdoPermitJoiningServer
 .text          0x0000000000094044      0xaa8 C:\Users\hp8460p\AppData\Local\Temp\cc0cmzLm.ltrans25.ltrans.o
                0x0000000000094044                zps_vNwkMcpsMgrPost
                0x000000000009414c                zps_eNwkHandleSceRouteRequest
                0x0000000000094463                zps_eNwkHandleSceRouteReply
                0x000000000009474b                zps_vNwkHandleCmeLeaveReq
                0x0000000000094819                zps_eNwkHandleSceLeave
                0x00000000000949a3                zps_eNwkHandleSdeActvDcfmData
                0x0000000000094a7a                vMcpsMgrTimeoutExpiry
 .text          0x0000000000094aec      0xb09 C:\Users\hp8460p\AppData\Local\Temp\cc0cmzLm.ltrans26.ltrans.o
                0x0000000000094bff                os_bDummyMemberCheck.5007
                0x0000000000094c04                os_vDefaultErrorHook.5003
                0x0000000000094c07                os_bStrictCheck.1358
                0x0000000000094d5e                pdum_u16ReadNBO
                0x0000000000094ebf                PDUM_u16SizeNBO
                0x0000000000094f1d                PDUM_u16APduInstanceWriteStrNBO
                0x000000000009509c                PDUM_u16APduInstanceReadNBO
                0x00000000000950e7                PDUM_u16APduInstanceWriteNBO
                0x0000000000095151                PDUM_eAPduInstanceSetPayloadSize
                0x0000000000095179                PDUM_eNPduWriteDataFromBuffer
                0x00000000000951d3                PDUM_eNPduWriteDataToBuffer
                0x0000000000095231                PDUM_eNPduWriteFromBuffer
                0x000000000009525a                PDUM_eNPduDescend
                0x0000000000095280                PDUM_eNPduAscend
                0x00000000000952a6                PDUM_eNPduClaimData
                0x0000000000095313                PDUM_eNPduAppendDataNBO
                0x0000000000095370                PDUM_eNPduClaimHeader
                0x0000000000095393                PDUM_eNPduReadHeaderNBO
                0x00000000000953e6                PDUM_eNPduPrependHeaderNBO
                0x0000000000095441                PDUM_eNPduInitDescending
                0x000000000009545c                eExpireSWTimer.5016
                0x00000000000954c7                vEnterErrorHook.4999
                0x00000000000954ee                OS_eCollectMessage
                0x00000000000955b3                OS_eGetSWTimerStatus
 *fill*         0x00000000000955f5        0x3 00
 .text          0x00000000000955f8      0x6e0 C:\Users\hp8460p\AppData\Local\Temp\cc0cmzLm.ltrans27.ltrans.o
                0x00000000000955f8                vPostNlmeDcfmInd.8167
 .text          0x0000000000095cd8      0x703 C:\Users\hp8460p\AppData\Local\Temp\cc0cmzLm.ltrans28.ltrans.o
                0x0000000000095ebc                ZPS_vNwkHandleNlmeReqRsp
                0x0000000000095f39                zps_bAplZdoDeviceAnnceServer
                0x000000000009627f                vChangeChannelTimerExpiry.40710
                0x00000000000962ee                eLeaveReset.81592
                0x0000000000096364                eLeaveDataDcfmLocalLeave.81602
 .text          0x00000000000963db      0xa3d C:\Users\hp8460p\AppData\Local\Temp\cc0cmzLm.ltrans29.ltrans.o
                0x0000000000096715                zps_eNwkHandleSmeAssocInd
                0x0000000000096737                zps_eNwkHandleSceRejnRequest
                0x0000000000096835                zps_eNwkHandleSmeOrphanInd
                0x000000000009689d                zps_vNwkHandleCmeActvStartRouterReq
                0x0000000000096934                zps_vProcessChildAddrConflict
                0x00000000000969f7                zps_sNwkStart
                0x0000000000096a96                vHandleNwkLocalUpdateAfterBcast.67957
                0x0000000000096af6                vHandleNwkRemoteUpdateAfterBcast.67948
                0x0000000000096b4a                eSmeAcScScanDcfm.77593
 *fill*         0x0000000000096e18        0x0 00
 .text          0x0000000000096e18      0x6cc C:\Users\hp8460p\AppData\Local\Temp\cc0cmzLm.ltrans30.ltrans.o
                0x0000000000096e18                vMiniMac_MlmeCallback
                0x0000000000097103                bBeaconNotify.85765
                0x0000000000097240                vPostDcfm.85772
                0x00000000000972af                vScanNextChannel.85778
                0x0000000000097461                vMiniMacPoll_CheckPollResponse
                0x0000000000097498                ePollReqSent.85922
 .text          0x00000000000974e4      0x418 C:\Users\hp8460p\AppData\Local\Temp\cc0cmzLm.ltrans31.ltrans.o
                0x00000000000974e4                os_vAPP_taskRouter
 .text          0x00000000000978fc       0x25 c:/nxp/bstudio_nxp/sdk/tools/ba-elf-ba2-r36379/bin/../lib/gcc/ba-elf/4.7.4/../../../../ba-elf/lib/mcpu_jn51xx_sizeopt\libc.a(lib_a-memcmp.o)
                0x00000000000978fc                memcmp
 .text          0x0000000000097921       0x19 c:/nxp/bstudio_nxp/sdk/tools/ba-elf-ba2-r36379/bin/../lib/gcc/ba-elf/4.7.4/../../../../ba-elf/lib/mcpu_jn51xx_sizeopt\libc.a(lib_a-memcpy.o)
 .text          0x000000000009793a       0x12 c:/nxp/bstudio_nxp/sdk/tools/ba-elf-ba2-r36379/bin/../lib/gcc/ba-elf/4.7.4/../../../../ba-elf/lib/mcpu_jn51xx_sizeopt\libc.a(lib_a-memset.o)
                0x000000000009793a                memset
 .text          0x000000000009794c       0x1f c:/nxp/bstudio_nxp/sdk/tools/ba-elf-ba2-r36379/bin/../lib/gcc/ba-elf/4.7.4/../../../../ba-elf/lib/mcpu_jn51xx_sizeopt\libc.a(lib_a-strcat.o)
                0x000000000009794c                strcat
 .text          0x000000000009796b       0x25 c:/nxp/bstudio_nxp/sdk/tools/ba-elf-ba2-r36379/bin/../lib/gcc/ba-elf/4.7.4/../../../../ba-elf/lib/mcpu_jn51xx_sizeopt\libc.a(lib_a-strcmp.o)
                0x000000000009796b                strcmp
 .text          0x0000000000097990       0x29 c:/nxp/bstudio_nxp/sdk/tools/ba-elf-ba2-r36379/bin/../lib/gcc/ba-elf/4.7.4/../../../../ba-elf/lib/mcpu_jn51xx_sizeopt\libc.a(lib_a-strrchr.o)
                0x0000000000097990                strrchr
 .text          0x00000000000979b9       0x1c c:/nxp/bstudio_nxp/sdk/tools/ba-elf-ba2-r36379/bin/../lib/gcc/ba-elf/4.7.4/../../../../ba-elf/lib/mcpu_jn51xx_sizeopt\libc.a(lib_a-strchr.o)
                0x00000000000979b9                strchr
 *fill*         0x00000000000979d5        0x3 00
 .text          0x00000000000979d8      0x204 c:/nxp/bstudio_nxp/sdk/tools/ba-elf-ba2-r36379/bin/../lib/gcc/ba-elf/4.7.4/mcpu_jn51xx_sizeopt\libgcc.a(__udivsi3.o)
                0x00000000000979d8                __udivsi3
 .text          0x0000000000097bdc      0x1b0 c:/nxp/bstudio_nxp/sdk/tools/ba-elf-ba2-r36379/bin/../lib/gcc/ba-elf/4.7.4/mcpu_jn51xx_sizeopt\libgcc.a(__umodsi3.o)
                0x0000000000097bdc                __umodsi3
 .text          0x0000000000097d8c       0x24 c:/nxp/bstudio_nxp/sdk/tools/ba-elf-ba2-r36379/bin/../lib/gcc/ba-elf/4.7.4/mcpu_jn51xx_sizeopt\libgcc.a(__modsi3.o)
                0x0000000000097d8c                __modsi3
 .text          0x0000000000097db0      0x350 c:/nxp/bstudio_nxp/sdk/tools/ba-elf-ba2-r36379/bin/../lib/gcc/ba-elf/4.7.4/mcpu_jn51xx_sizeopt\libgcc.a(_udivdi3.o)
                0x0000000000097db0                __udivdi3
 *fill*         0x0000000000098100        0x0 00
 .text          0x0000000000098100      0x168 os_irq.o
                0x0000000000098100                os_ExternalException_W
                0x0000000000098144                os_PIC_ChannelPriorities
                0x0000000000098154                os_OSMIUM_HwVectTable
                0x0000000000098190                os_PIC_SwVectTable
 .text          0x0000000000098268       0x29 os_irq_alignment.o
                0x0000000000098268                IRQ_Alignment
 .text          0x0000000000098291       0x29 os_irq_buserror.o
                0x0000000000098291                IRQ_BusError
 .text          0x00000000000982ba       0x29 os_irq_illegalinstruction.o
                0x00000000000982ba                IRQ_IllegalInstruction
 .text          0x00000000000982e3       0x29 os_irq_stackoverflowexception.o
                0x00000000000982e3                IRQ_StackOverflowException
 .text          0x000000000009830c       0x29 os_irq_unimplementedmodule.o
                0x000000000009830c                IRQ_UnimplementedModule
 *fill*         0x0000000000098335        0x3 00
 .text          0x0000000000098338       0xc0 C:\NXP\bstudio_nxp\sdk\JN-SW-4168/Components/Library\libOS_JN516x.a(os_contirq_JN516x.o)
                0x0000000000098338                os_ExternalException_R
                0x0000000000098368                os_CFunc_W
                0x00000000000983b8                os_UnclaimedException_W
                0x00000000000983d8                os_UnclaimedInterrupt_W
 .text          0x00000000000983f8       0x48 C:\NXP\bstudio_nxp\sdk\JN-SW-4168/Components/Library\libPWRM_JN516x.a(pwrm_setjmp_JN516x.o)
                0x00000000000983f8                setjmp
                0x000000000009841c                PWRM_longjmp
 .text          0x0000000000098440       0x27 C:\NXP\bstudio_nxp\sdk\JN-SW-4168/Components/Library\libHardwareApi_JN516x.a(AHI_Interrupt.o)
                0x0000000000098440                vAHI_InterruptSetPriority
                0x000000000009845e                vAHI_InterruptSetActivePriorityLevel
 .text.vMicroSyscall
                0x0000000000098467       0x17 C:\NXP\bstudio_nxp\sdk\JN-SW-4168/Components/Library\libMicroSpecific_JN516x.a(MicroSyscall_ba.o)
                0x0000000000098467                vMicroSyscall
 .text          0x000000000009847e        0x0 C:\NXP\bstudio_nxp\sdk\JN-SW-4168/Components/Library\libOS_JN516x.a(os_version_lc.o)
                0x000000000009847e                OS_Version_1v2
 .text          0x000000000009847e        0x0 C:\NXP\bstudio_nxp\sdk\JN-SW-4168/Components/Library\libZPSAPL_JN516x.a(zps_apl_version_lc.o)
                0x000000000009847e                ZPS_APL_Version_2v0
 .text          0x000000000009847e        0x0 C:\NXP\bstudio_nxp\sdk\JN-SW-4168/Components/Library\libZPSNWK_JN516x.a(zps_nwk_version_lc.o)
                0x000000000009847e                ZPS_NWK_Version_2v0
                0x000000000009847e                _flash_end = ABSOLUTE (.)

.rela.dyn       0x0000000000098480        0x0
 .rela.text     0x0000000000000000        0x0 os_irq.o
 .rela.data     0x0000000000000000        0x0 os_irq.o
 .rela.rodata   0x0000000000000000        0x0 os_irq.o
                0x000000000400004c                . = ORIGIN (ram)

.data           0x000000000400004c      0x730 load address 0x0000000000098480
                0x000000000400004c                _ram_data_start = ABSOLUTE (.)
 *(.data*)
 .data          0x000000000400004c        0x1 C:\Users\hp8460p\AppData\Local\Temp\cc0cmzLm.ltrans0.ltrans.o
                0x000000000400004c                u8MiniMacConfig_MaxConcurrentAssocResponses
 *fill*         0x000000000400004d        0x3 00
 .data          0x0000000004000050        0x4 C:\Users\hp8460p\AppData\Local\Temp\cc0cmzLm.ltrans1.ltrans.o
                0x0000000004000050                u32HeapStart
 .data          0x0000000004000054        0x8 C:\Users\hp8460p\AppData\Local\Temp\cc0cmzLm.ltrans4.ltrans.o
                0x0000000004000054                bCanLoopback.10983
 .data          0x000000000400005c        0x1 C:\Users\hp8460p\AppData\Local\Temp\cc0cmzLm.ltrans5.ltrans.o
 *fill*         0x000000000400005d        0x3 00
 .data          0x0000000004000060      0x5e0 C:\Users\hp8460p\AppData\Local\Temp\cc0cmzLm.ltrans13.ltrans.o
                0x0000000004000060                os_Mutex_mutexMAC
                0x0000000004000068                os_Mutex_mutexZPS
                0x0000000004000070                s_sApl.2826
                0x00000000040001bc                os_Message_APP_msgMyEndPointEvents
                0x00000000040001e0                os_Message_APP_msgZpsEvents
                0x0000000004000204                os_SWTimer_APP_cntrTickTimer_App_tmr1sec
                0x0000000004000220                os_SWTimer_APP_cntrTickTimer_ButtonScanTimer
                0x000000000400023c                os_SWTimer_APP_cntrTickTimer_UartCommandExecTimer
                0x0000000004000258                os_Message_zps_msgMlmeDcfmInd
                0x000000000400027c                os_Message_zps_msgTimeEvents
                0x00000000040002a0                os_Message_zps_msgMcpsDcfmInd
                0x00000000040002c4                os_Task_APP_taskMyEndPoint
                0x00000000040002d0                os_Task_APP_taskRouter
                0x00000000040002dc                os_Task_zps_taskZPS
                0x00000000040002e8                u8AhiBaudRate.65103
                0x00000000040002ec                s_prbMemberCheck.5123
                0x00000000040002f0                s_prvErrorHook.5121
 .data          0x0000000004000640        0x2 C:\Users\hp8460p\AppData\Local\Temp\cc0cmzLm.ltrans16.ltrans.o
 .data          0x0000000004000642        0x1 C:\Users\hp8460p\AppData\Local\Temp\cc0cmzLm.ltrans20.ltrans.o
 *fill*         0x0000000004000643        0x1 00
 .data          0x0000000004000644      0x11c C:\Users\hp8460p\AppData\Local\Temp\cc0cmzLm.ltrans26.ltrans.o
                0x0000000004000644                s_asapduZCLInstances
                0x0000000004000734                s_asapduZDPInstances
 .data          0x0000000004000760        0x1 C:\Users\hp8460p\AppData\Local\Temp\cc0cmzLm.ltrans31.ltrans.o
 *fill*         0x0000000004000761        0x3 00
 .data.s_asAPduPool
                0x0000000004000764       0x18 pdum_apdu.o
                0x0000000004000764                pdum_apduZDP
                0x0000000004000764                s_asAPduPool
                0x0000000004000770                pdum_apduZCL
 *(.data.*)
                0x000000000400077c                . = ALIGN (0x4)
                0x000000000400077c                _ram_data_end = ABSOLUTE (.)

.bss            0x000000000400077c     0x2d88 load address 0x0000000000098bb0
                0x000000000400077c                _bss_start = ABSOLUTE (.)
 *(.bss*)
 .bss           0x000000000400077c      0xbe4 C:\Users\hp8460p\AppData\Local\Temp\cc0cmzLm.ltrans0.ltrans.o
                0x000000000400077c                psNextWake.5194
                0x0000000004000780                s_bWakeTimerActive.5195
                0x0000000004000781                s_ePowerMode.5196
                0x0000000004000782                gu16NumberOfSegments.88197
                0x0000000004000784                u8MaxNpdu.5397
                0x0000000004000785                u8Count.5396
                0x0000000004000788                s_psNPduPoolEnd.5399
                0x000000000400078c                s_psNPduPoolStart.5398
                0x0000000004000790                s_psFreeListHead.5395
                0x0000000004000794                s_hMutex.5394
                0x0000000004000798                s_hMutex.5514
                0x000000000400079c                s_asAPduPool.5513
                0x00000000040007a0                pfExtendedStatusCallBack.67470
                0x00000000040007a4                psPDM_Common
                0x00000000040007a8                s_u32x.62775
                0x00000000040007ac                s_prExpireFn.89223
                0x00000000040007b0                s_hMutex.89222
                0x00000000040007b4                pvRxStore
                0x00000000040007b8                pvTxStore
                0x00000000040007bc                g_pvAplHandle
                0x00000000040007c0                s_hMacMutex
                0x00000000040007c4                s_sDcfmIndMgr.88940
                0x00000000040007cc                prAppMcpsGetBuffer
                0x00000000040007d0                prAppMlmeGetBuffer
                0x00000000040007d4                prAppMcpsCallback
                0x00000000040007d8                prAppMlmeCallback
                0x00000000040007dc                u8MiniMac_RunTimeOptions
                0x00000000040007e0                psFreeMsgListHead
                0x00000000040007e4                psActiveMsgListHead
 .bss           0x0000000004001360        0xc C:\Users\hp8460p\AppData\Local\Temp\cc0cmzLm.ltrans1.ltrans.o
 .bss           0x000000000400136c        0x1 C:\Users\hp8460p\AppData\Local\Temp\cc0cmzLm.ltrans2.ltrans.o
                0x000000000400136c                eMMacModuleType
 .bss.initinboot
                0x000000000400136d        0x1 C:\Users\hp8460p\AppData\Local\Temp\cc0cmzLm.ltrans2.ltrans.o
 .bss           0x000000000400136e        0x2 C:\Users\hp8460p\AppData\Local\Temp\cc0cmzLm.ltrans3.ltrans.o
 .bss           0x0000000004001370       0x34 C:\Users\hp8460p\AppData\Local\Temp\cc0cmzLm.ltrans4.ltrans.o
 .bss           0x00000000040013a4        0x8 C:\Users\hp8460p\AppData\Local\Temp\cc0cmzLm.ltrans5.ltrans.o
 .bss           0x00000000040013ac       0x34 C:\Users\hp8460p\AppData\Local\Temp\cc0cmzLm.ltrans6.ltrans.o
 .bss           0x00000000040013e0        0x8 C:\Users\hp8460p\AppData\Local\Temp\cc0cmzLm.ltrans7.ltrans.o
 .bss           0x00000000040013e8       0x48 C:\Users\hp8460p\AppData\Local\Temp\cc0cmzLm.ltrans8.ltrans.o
 .bss           0x0000000004001430       0x28 C:\Users\hp8460p\AppData\Local\Temp\cc0cmzLm.ltrans9.ltrans.o
                0x0000000004001430                apvAplPdmRecordsAddress
                0x0000000004001448                au16AplPdmRecordsSize
 .bss           0x0000000004001458        0x1 C:\Users\hp8460p\AppData\Local\Temp\cc0cmzLm.ltrans10.ltrans.o
                0x0000000004001458                bIgnoreBroadcast
 *fill*         0x0000000004001459        0x1 00
 .bss           0x000000000400145a        0xc C:\Users\hp8460p\AppData\Local\Temp\cc0cmzLm.ltrans12.ltrans.o
                0x000000000400145a                a16NwkPdmRecordSizes
 *fill*         0x0000000004001466        0xa 00
 .bss           0x0000000004001470     0x15e0 C:\Users\hp8460p\AppData\Local\Temp\cc0cmzLm.ltrans13.ltrans.o
                0x0000000004001470                s_sDefaultServerContext.2883
                0x0000000004001478                s_sMgmtRtgServerContext.2823
                0x0000000004001480                s_sPermitJoiningServerContext.2824
                0x0000000004001488                s_sMgmtNWKUpdateServerContext.2825
                0x00000000040014c8                s_sMgmtLeaveServerContext.2882
                0x00000000040014f0                s_sMgmtLqiServerContext.2881
                0x00000000040014f8                s_sSimpleDescServerContext.2880
                0x0000000004001500                s_sMatchDescServerContext.2879
                0x0000000004001508                s_sPowerDescServerContext.2878
                0x0000000004001510                s_sNodeDescServerContext.2877
                0x0000000004001518                s_sSystemServerDiscoveryServerContext.2876
                0x0000000004001520                s_sIeeeAddrServerContext.2875
                0x0000000004001528                s_sNwkAddrServerContext.2874
                0x0000000004001530                s_sActiveEpServerContext.2873
                0x0000000004001538                s_sDeviceAnnceServerContext.2872
                0x0000000004001538                s_sZdoClientContext.2871
                0x0000000004001540                bDefaultServerIgnoreHandleMgmtUpdate
                0x0000000004001544                s_u32LastExpiredTime.3025
                0x0000000004001548                s_u32CompareTime.3024
                0x000000000400154c                UartCommandNumber
                0x0000000004001550                UartPacketData
                0x00000000040015f0                UartCommandPos
                0x00000000040015f4                s_prvCurrentISR.5124
                0x00000000040015f8                vFlushFn.65047
                0x00000000040015fc                vPutchFn.65042
                0x0000000004001600                u8AhiUart.65102
                0x0000000004001604                s_u32CurrentPriorityMask.5116
                0x0000000004001608                s_u8OSLevelIPL.5120
                0x000000000400160c                s_asTasks.5119
                0x0000000004001610                s_u32PendingQueue.5118
                0x0000000004001614                pwrm_CPUContext
 .bss           0x0000000004002a50        0x8 C:\Users\hp8460p\AppData\Local\Temp\cc0cmzLm.ltrans14.ltrans.o
 .bss           0x0000000004002a58       0x94 C:\Users\hp8460p\AppData\Local\Temp\cc0cmzLm.ltrans15.ltrans.o
                0x0000000004002a58                sScanAttemptTimer
                0x0000000004002a74                psTimerServerList
                0x0000000004002a78                aprTimerCallback
                0x0000000004002a94                au32TimerCounter
                0x0000000004002ab0                sMiniMacInternal
                0x0000000004002adc                s_psVsMcpsDcfmInd.24040
                0x0000000004002ae0                s_psMacDcfmInd.24039
                0x0000000004002ae4                sMiniMacPhyPib
 .bss           0x0000000004002aec       0x14 C:\Users\hp8460p\AppData\Local\Temp\cc0cmzLm.ltrans16.ltrans.o
                0x0000000004002aec                s_psCurrentTask.5117
 .bss           0x0000000004002b00        0x4 C:\Users\hp8460p\AppData\Local\Temp\cc0cmzLm.ltrans18.ltrans.o
                0x0000000004002b00                bCheckChild
 .bss           0x0000000004002b04        0x8 C:\Users\hp8460p\AppData\Local\Temp\cc0cmzLm.ltrans20.ltrans.o
                0x0000000004002b04                u32DataQueueCount
                0x0000000004002b08                s_u16ActivityCounter
 .bss           0x0000000004002b0c        0x1 C:\Users\hp8460p\AppData\Local\Temp\cc0cmzLm.ltrans22.ltrans.o
                0x0000000004002b0c                u8ScanBeaconsSeen.88976
 *fill*         0x0000000004002b0d        0x3 00
 .bss           0x0000000004002b10       0x9c C:\Users\hp8460p\AppData\Local\Temp\cc0cmzLm.ltrans23.ltrans.o
                0x0000000004002b10                sMiniMacPib
 .bss           0x0000000004002bac        0x1 C:\Users\hp8460p\AppData\Local\Temp\cc0cmzLm.ltrans25.ltrans.o
 *fill*         0x0000000004002bad        0x3 00
 .bss           0x0000000004002bb0      0x904 C:\Users\hp8460p\AppData\Local\Temp\cc0cmzLm.ltrans26.ltrans.o
 .bss           0x00000000040034b4        0x8 C:\Users\hp8460p\AppData\Local\Temp\cc0cmzLm.ltrans28.ltrans.o
                0x00000000040034b4                sThisDeviceMacAddr
 .bss           0x00000000040034bc        0x4 C:\Users\hp8460p\AppData\Local\Temp\cc0cmzLm.ltrans30.ltrans.o
 .bss           0x00000000040034c0        0x1 C:\Users\hp8460p\AppData\Local\Temp\cc0cmzLm.ltrans31.ltrans.o
                0x00000000040034c0                s_eDeviceState.3661
 *fill*         0x00000000040034c1        0x3 00
 .bss.dontinitinboot
                0x00000000040034c4       0x40 C:\NXP\bstudio_nxp\sdk\JN-SW-4168/Components/Library\libBoot_JN516x.a(ExceptionHandler.o)
                0x00000000040034c4                isr_handlers
 *(.bss.*)
 *(.scommon*)
 *(.scommon.*)
 *(COMMON)
                0x0000000004003504                . = ALIGN (0x4)
                0x0000000004003504                _bss_end = ABSOLUTE (.)

.heap           0x0000000004003504      0x3e8 load address 0x000000000009b938
                0x0000000004003504                _heap_start = ABSOLUTE (.)
                0x00000000040038ec                . = (. + _minimum_heap_size)
 *fill*         0x0000000004003504      0x3e8 00

.stack          0x0000000004007060      0xfa0 load address 0x000000000009f494
                0x0000000004007060                _heap_end = ABSOLUTE (.)
                0x0000000004007060                _stack_low_water_mark = ABSOLUTE (.)
                0x0000000004008000                . = (. + _stack_size)
 *fill*         0x0000000004007060      0xfa0 00

.test           0x0000000000098bb0        0x1
                0x0000000000098bb0        0x1 BYTE 0xff
                0x0000000000098480                _flash_data_start = LOADADDR (.data)
                0x0000000000000730                _ram_data_len = (((_ram_data_end - _ram_data_start) + 0x3) & 0xfffffffffffffffc)
                0x0000000000002d88                _bss_len = (((_bss_end - _bss_start) + 0x3) & 0xfffffffffffffffc)
                0x0000000000018bb0                _image_len = ((((_flash_end - _flash_start) + _ram_data_len) + 0x3) & 0xfffffffffffffffc)
                0x0000000004008000                _ram_top = (ABSOLUTE (ORIGIN (ram)) + 0x7fb4)
                0x0000000004008000                ram_top = (ABSOLUTE (ORIGIN (ram)) + 0x7fb4)
                0x0000000001001580                _app_ram_start = 0x1001580
                0x0000000004000050                PROVIDE (_heap_location, u32HeapStart)
                0x0000000004000050                PROVIDE (heap_location, u32HeapStart)
OUTPUT(AN1184_ZBP_Router_JN5168.elf elf32-ba)

.comment        0x0000000000000000       0x11
 .comment       0x0000000000000000       0x12 C:\Users\hp8460p\AppData\Local\Temp\cc0cmzLm.ltrans0.ltrans.o
 .comment       0x0000000000000000       0x12 C:\Users\hp8460p\AppData\Local\Temp\cc0cmzLm.ltrans1.ltrans.o
 .comment       0x0000000000000000       0x12 C:\Users\hp8460p\AppData\Local\Temp\cc0cmzLm.ltrans2.ltrans.o
 .comment       0x0000000000000000       0x12 C:\Users\hp8460p\AppData\Local\Temp\cc0cmzLm.ltrans3.ltrans.o
 .comment       0x0000000000000000       0x12 C:\Users\hp8460p\AppData\Local\Temp\cc0cmzLm.ltrans4.ltrans.o
 .comment       0x0000000000000000       0x12 C:\Users\hp8460p\AppData\Local\Temp\cc0cmzLm.ltrans5.ltrans.o
 .comment       0x0000000000000000       0x12 C:\Users\hp8460p\AppData\Local\Temp\cc0cmzLm.ltrans6.ltrans.o
 .comment       0x0000000000000000       0x12 C:\Users\hp8460p\AppData\Local\Temp\cc0cmzLm.ltrans7.ltrans.o
 .comment       0x0000000000000000       0x12 C:\Users\hp8460p\AppData\Local\Temp\cc0cmzLm.ltrans8.ltrans.o
 .comment       0x0000000000000000       0x12 C:\Users\hp8460p\AppData\Local\Temp\cc0cmzLm.ltrans9.ltrans.o
 .comment       0x0000000000000000       0x12 C:\Users\hp8460p\AppData\Local\Temp\cc0cmzLm.ltrans10.ltrans.o
 .comment       0x0000000000000000       0x12 C:\Users\hp8460p\AppData\Local\Temp\cc0cmzLm.ltrans11.ltrans.o
 .comment       0x0000000000000000       0x12 C:\Users\hp8460p\AppData\Local\Temp\cc0cmzLm.ltrans12.ltrans.o
 .comment       0x0000000000000000       0x12 C:\Users\hp8460p\AppData\Local\Temp\cc0cmzLm.ltrans13.ltrans.o
 .comment       0x0000000000000000       0x12 C:\Users\hp8460p\AppData\Local\Temp\cc0cmzLm.ltrans14.ltrans.o
 .comment       0x0000000000000000       0x12 C:\Users\hp8460p\AppData\Local\Temp\cc0cmzLm.ltrans15.ltrans.o
 .comment       0x0000000000000000       0x12 C:\Users\hp8460p\AppData\Local\Temp\cc0cmzLm.ltrans16.ltrans.o
 .comment       0x0000000000000000       0x12 C:\Users\hp8460p\AppData\Local\Temp\cc0cmzLm.ltrans17.ltrans.o
 .comment       0x0000000000000000       0x12 C:\Users\hp8460p\AppData\Local\Temp\cc0cmzLm.ltrans18.ltrans.o
 .comment       0x0000000000000000       0x12 C:\Users\hp8460p\AppData\Local\Temp\cc0cmzLm.ltrans19.ltrans.o
 .comment       0x0000000000000000       0x12 C:\Users\hp8460p\AppData\Local\Temp\cc0cmzLm.ltrans20.ltrans.o
 .comment       0x0000000000000000       0x12 C:\Users\hp8460p\AppData\Local\Temp\cc0cmzLm.ltrans21.ltrans.o
 .comment       0x0000000000000000       0x12 C:\Users\hp8460p\AppData\Local\Temp\cc0cmzLm.ltrans22.ltrans.o
 .comment       0x0000000000000000       0x12 C:\Users\hp8460p\AppData\Local\Temp\cc0cmzLm.ltrans23.ltrans.o
 .comment       0x0000000000000000       0x12 C:\Users\hp8460p\AppData\Local\Temp\cc0cmzLm.ltrans24.ltrans.o
 .comment       0x0000000000000000       0x12 C:\Users\hp8460p\AppData\Local\Temp\cc0cmzLm.ltrans25.ltrans.o
 .comment       0x0000000000000000       0x12 C:\Users\hp8460p\AppData\Local\Temp\cc0cmzLm.ltrans26.ltrans.o
 .comment       0x0000000000000000       0x12 C:\Users\hp8460p\AppData\Local\Temp\cc0cmzLm.ltrans27.ltrans.o
 .comment       0x0000000000000000       0x12 C:\Users\hp8460p\AppData\Local\Temp\cc0cmzLm.ltrans28.ltrans.o
 .comment       0x0000000000000000       0x12 C:\Users\hp8460p\AppData\Local\Temp\cc0cmzLm.ltrans29.ltrans.o
 .comment       0x0000000000000000       0x12 C:\Users\hp8460p\AppData\Local\Temp\cc0cmzLm.ltrans30.ltrans.o
 .comment       0x0000000000000000       0x12 C:\Users\hp8460p\AppData\Local\Temp\cc0cmzLm.ltrans31.ltrans.o
 .comment       0x0000000000000000       0x12 c:/nxp/bstudio_nxp/sdk/tools/ba-elf-ba2-r36379/bin/../lib/gcc/ba-elf/4.7.4/../../../../ba-elf/lib/mcpu_jn51xx_sizeopt\libc.a(lib_a-memcmp.o)
 .comment       0x0000000000000000       0x12 c:/nxp/bstudio_nxp/sdk/tools/ba-elf-ba2-r36379/bin/../lib/gcc/ba-elf/4.7.4/../../../../ba-elf/lib/mcpu_jn51xx_sizeopt\libc.a(lib_a-memcpy.o)
 .comment       0x0000000000000000       0x12 c:/nxp/bstudio_nxp/sdk/tools/ba-elf-ba2-r36379/bin/../lib/gcc/ba-elf/4.7.4/../../../../ba-elf/lib/mcpu_jn51xx_sizeopt\libc.a(lib_a-memset.o)
 .comment       0x0000000000000000       0x12 c:/nxp/bstudio_nxp/sdk/tools/ba-elf-ba2-r36379/bin/../lib/gcc/ba-elf/4.7.4/../../../../ba-elf/lib/mcpu_jn51xx_sizeopt\libc.a(lib_a-strcat.o)
 .comment       0x0000000000000000       0x12 c:/nxp/bstudio_nxp/sdk/tools/ba-elf-ba2-r36379/bin/../lib/gcc/ba-elf/4.7.4/../../../../ba-elf/lib/mcpu_jn51xx_sizeopt\libc.a(lib_a-strcmp.o)
 .comment       0x0000000000000000       0x12 c:/nxp/bstudio_nxp/sdk/tools/ba-elf-ba2-r36379/bin/../lib/gcc/ba-elf/4.7.4/../../../../ba-elf/lib/mcpu_jn51xx_sizeopt\libc.a(lib_a-strrchr.o)
 .comment       0x0000000000000000       0x12 c:/nxp/bstudio_nxp/sdk/tools/ba-elf-ba2-r36379/bin/../lib/gcc/ba-elf/4.7.4/../../../../ba-elf/lib/mcpu_jn51xx_sizeopt\libc.a(lib_a-strchr.o)
 .comment       0x0000000000000000       0x12 c:/nxp/bstudio_nxp/sdk/tools/ba-elf-ba2-r36379/bin/../lib/gcc/ba-elf/4.7.4/mcpu_jn51xx_sizeopt\libgcc.a(_udivdi3.o)
 .comment       0x0000000000000000       0x11 C:\NXP\bstudio_nxp\sdk\JN-SW-4168/Components/Library\libMicroSpecific_JN516x.a(MicroSyscall_ba.o)
                                         0x12 (size before relaxing)

.debug_info     0x0000000000000000      0xf3c
 .debug_info    0x0000000000000000       0xf3 c:/nxp/bstudio_nxp/sdk/tools/ba-elf-ba2-r36379/bin/../lib/gcc/ba-elf/4.7.4/../../../../ba-elf/lib/mcpu_jn51xx_sizeopt\libc.a(lib_a-memcmp.o)
 .debug_info    0x00000000000000f3      0x106 c:/nxp/bstudio_nxp/sdk/tools/ba-elf-ba2-r36379/bin/../lib/gcc/ba-elf/4.7.4/../../../../ba-elf/lib/mcpu_jn51xx_sizeopt\libc.a(lib_a-memcpy.o)
 .debug_info    0x00000000000001f9       0xd7 c:/nxp/bstudio_nxp/sdk/tools/ba-elf-ba2-r36379/bin/../lib/gcc/ba-elf/4.7.4/../../../../ba-elf/lib/mcpu_jn51xx_sizeopt\libc.a(lib_a-memset.o)
 .debug_info    0x00000000000002d0       0xcc c:/nxp/bstudio_nxp/sdk/tools/ba-elf-ba2-r36379/bin/../lib/gcc/ba-elf/4.7.4/../../../../ba-elf/lib/mcpu_jn51xx_sizeopt\libc.a(lib_a-strcat.o)
 .debug_info    0x000000000000039c       0xbb c:/nxp/bstudio_nxp/sdk/tools/ba-elf-ba2-r36379/bin/../lib/gcc/ba-elf/4.7.4/../../../../ba-elf/lib/mcpu_jn51xx_sizeopt\libc.a(lib_a-strcmp.o)
 .debug_info    0x0000000000000457      0x10a c:/nxp/bstudio_nxp/sdk/tools/ba-elf-ba2-r36379/bin/../lib/gcc/ba-elf/4.7.4/../../../../ba-elf/lib/mcpu_jn51xx_sizeopt\libc.a(lib_a-strrchr.o)
 .debug_info    0x0000000000000561       0xe7 c:/nxp/bstudio_nxp/sdk/tools/ba-elf-ba2-r36379/bin/../lib/gcc/ba-elf/4.7.4/../../../../ba-elf/lib/mcpu_jn51xx_sizeopt\libc.a(lib_a-strchr.o)
 .debug_info    0x0000000000000648       0xb4 c:/nxp/bstudio_nxp/sdk/tools/ba-elf-ba2-r36379/bin/../lib/gcc/ba-elf/4.7.4/mcpu_jn51xx_sizeopt\libgcc.a(__udivsi3.o)
 .debug_info    0x00000000000006fc       0xb4 c:/nxp/bstudio_nxp/sdk/tools/ba-elf-ba2-r36379/bin/../lib/gcc/ba-elf/4.7.4/mcpu_jn51xx_sizeopt\libgcc.a(__umodsi3.o)
 .debug_info    0x00000000000007b0       0xb4 c:/nxp/bstudio_nxp/sdk/tools/ba-elf-ba2-r36379/bin/../lib/gcc/ba-elf/4.7.4/mcpu_jn51xx_sizeopt\libgcc.a(__modsi3.o)
 .debug_info    0x0000000000000864      0x648 c:/nxp/bstudio_nxp/sdk/tools/ba-elf-ba2-r36379/bin/../lib/gcc/ba-elf/4.7.4/mcpu_jn51xx_sizeopt\libgcc.a(_udivdi3.o)
 .debug_info    0x0000000000000eac       0x90 C:\NXP\bstudio_nxp\sdk\JN-SW-4168/Components/Library\libBoot_JN516x.a(ExceptionHandler.o)

.debug_abbrev   0x0000000000000000      0x57a
 .debug_abbrev  0x0000000000000000       0x8e c:/nxp/bstudio_nxp/sdk/tools/ba-elf-ba2-r36379/bin/../lib/gcc/ba-elf/4.7.4/../../../../ba-elf/lib/mcpu_jn51xx_sizeopt\libc.a(lib_a-memcmp.o)
 .debug_abbrev  0x000000000000008e       0xa4 c:/nxp/bstudio_nxp/sdk/tools/ba-elf-ba2-r36379/bin/../lib/gcc/ba-elf/4.7.4/../../../../ba-elf/lib/mcpu_jn51xx_sizeopt\libc.a(lib_a-memcpy.o)
 .debug_abbrev  0x0000000000000132       0x8e c:/nxp/bstudio_nxp/sdk/tools/ba-elf-ba2-r36379/bin/../lib/gcc/ba-elf/4.7.4/../../../../ba-elf/lib/mcpu_jn51xx_sizeopt\libc.a(lib_a-memset.o)
 .debug_abbrev  0x00000000000001c0       0x72 c:/nxp/bstudio_nxp/sdk/tools/ba-elf-ba2-r36379/bin/../lib/gcc/ba-elf/4.7.4/../../../../ba-elf/lib/mcpu_jn51xx_sizeopt\libc.a(lib_a-strcat.o)
 .debug_abbrev  0x0000000000000232       0x63 c:/nxp/bstudio_nxp/sdk/tools/ba-elf-ba2-r36379/bin/../lib/gcc/ba-elf/4.7.4/../../../../ba-elf/lib/mcpu_jn51xx_sizeopt\libc.a(lib_a-strcmp.o)
 .debug_abbrev  0x0000000000000295       0xb5 c:/nxp/bstudio_nxp/sdk/tools/ba-elf-ba2-r36379/bin/../lib/gcc/ba-elf/4.7.4/../../../../ba-elf/lib/mcpu_jn51xx_sizeopt\libc.a(lib_a-strrchr.o)
 .debug_abbrev  0x000000000000034a       0x83 c:/nxp/bstudio_nxp/sdk/tools/ba-elf-ba2-r36379/bin/../lib/gcc/ba-elf/4.7.4/../../../../ba-elf/lib/mcpu_jn51xx_sizeopt\libc.a(lib_a-strchr.o)
 .debug_abbrev  0x00000000000003cd       0x14 c:/nxp/bstudio_nxp/sdk/tools/ba-elf-ba2-r36379/bin/../lib/gcc/ba-elf/4.7.4/mcpu_jn51xx_sizeopt\libgcc.a(__udivsi3.o)
 .debug_abbrev  0x00000000000003e1       0x14 c:/nxp/bstudio_nxp/sdk/tools/ba-elf-ba2-r36379/bin/../lib/gcc/ba-elf/4.7.4/mcpu_jn51xx_sizeopt\libgcc.a(__umodsi3.o)
 .debug_abbrev  0x00000000000003f5       0x14 c:/nxp/bstudio_nxp/sdk/tools/ba-elf-ba2-r36379/bin/../lib/gcc/ba-elf/4.7.4/mcpu_jn51xx_sizeopt\libgcc.a(__modsi3.o)
 .debug_abbrev  0x0000000000000409      0x15d c:/nxp/bstudio_nxp/sdk/tools/ba-elf-ba2-r36379/bin/../lib/gcc/ba-elf/4.7.4/mcpu_jn51xx_sizeopt\libgcc.a(_udivdi3.o)
 .debug_abbrev  0x0000000000000566       0x14 C:\NXP\bstudio_nxp\sdk\JN-SW-4168/Components/Library\libBoot_JN516x.a(ExceptionHandler.o)

.debug_loc      0x0000000000000000      0xd25
 .debug_loc     0x0000000000000000       0x73 c:/nxp/bstudio_nxp/sdk/tools/ba-elf-ba2-r36379/bin/../lib/gcc/ba-elf/4.7.4/../../../../ba-elf/lib/mcpu_jn51xx_sizeopt\libc.a(lib_a-memcmp.o)
 .debug_loc     0x0000000000000073       0x39 c:/nxp/bstudio_nxp/sdk/tools/ba-elf-ba2-r36379/bin/../lib/gcc/ba-elf/4.7.4/../../../../ba-elf/lib/mcpu_jn51xx_sizeopt\libc.a(lib_a-memcpy.o)
 .debug_loc     0x00000000000000ac       0x3f c:/nxp/bstudio_nxp/sdk/tools/ba-elf-ba2-r36379/bin/../lib/gcc/ba-elf/4.7.4/../../../../ba-elf/lib/mcpu_jn51xx_sizeopt\libc.a(lib_a-memset.o)
 .debug_loc     0x00000000000000eb       0x49 c:/nxp/bstudio_nxp/sdk/tools/ba-elf-ba2-r36379/bin/../lib/gcc/ba-elf/4.7.4/../../../../ba-elf/lib/mcpu_jn51xx_sizeopt\libc.a(lib_a-strcat.o)
 .debug_loc     0x0000000000000134       0x3c c:/nxp/bstudio_nxp/sdk/tools/ba-elf-ba2-r36379/bin/../lib/gcc/ba-elf/4.7.4/../../../../ba-elf/lib/mcpu_jn51xx_sizeopt\libc.a(lib_a-strcmp.o)
 .debug_loc     0x0000000000000170       0xe5 c:/nxp/bstudio_nxp/sdk/tools/ba-elf-ba2-r36379/bin/../lib/gcc/ba-elf/4.7.4/../../../../ba-elf/lib/mcpu_jn51xx_sizeopt\libc.a(lib_a-strrchr.o)
 .debug_loc     0x0000000000000255       0x55 c:/nxp/bstudio_nxp/sdk/tools/ba-elf-ba2-r36379/bin/../lib/gcc/ba-elf/4.7.4/../../../../ba-elf/lib/mcpu_jn51xx_sizeopt\libc.a(lib_a-strchr.o)
 .debug_loc     0x00000000000002aa      0xa7b c:/nxp/bstudio_nxp/sdk/tools/ba-elf-ba2-r36379/bin/../lib/gcc/ba-elf/4.7.4/mcpu_jn51xx_sizeopt\libgcc.a(_udivdi3.o)

.debug_aranges  0x0000000000000000      0x180
 .debug_aranges
                0x0000000000000000       0x20 c:/nxp/bstudio_nxp/sdk/tools/ba-elf-ba2-r36379/bin/../lib/gcc/ba-elf/4.7.4/../../../../ba-elf/lib/mcpu_jn51xx_sizeopt\libc.a(lib_a-memcmp.o)
 .debug_aranges
                0x0000000000000020       0x20 c:/nxp/bstudio_nxp/sdk/tools/ba-elf-ba2-r36379/bin/../lib/gcc/ba-elf/4.7.4/../../../../ba-elf/lib/mcpu_jn51xx_sizeopt\libc.a(lib_a-memcpy.o)
 .debug_aranges
                0x0000000000000040       0x20 c:/nxp/bstudio_nxp/sdk/tools/ba-elf-ba2-r36379/bin/../lib/gcc/ba-elf/4.7.4/../../../../ba-elf/lib/mcpu_jn51xx_sizeopt\libc.a(lib_a-memset.o)
 .debug_aranges
                0x0000000000000060       0x20 c:/nxp/bstudio_nxp/sdk/tools/ba-elf-ba2-r36379/bin/../lib/gcc/ba-elf/4.7.4/../../../../ba-elf/lib/mcpu_jn51xx_sizeopt\libc.a(lib_a-strcat.o)
 .debug_aranges
                0x0000000000000080       0x20 c:/nxp/bstudio_nxp/sdk/tools/ba-elf-ba2-r36379/bin/../lib/gcc/ba-elf/4.7.4/../../../../ba-elf/lib/mcpu_jn51xx_sizeopt\libc.a(lib_a-strcmp.o)
 .debug_aranges
                0x00000000000000a0       0x20 c:/nxp/bstudio_nxp/sdk/tools/ba-elf-ba2-r36379/bin/../lib/gcc/ba-elf/4.7.4/../../../../ba-elf/lib/mcpu_jn51xx_sizeopt\libc.a(lib_a-strrchr.o)
 .debug_aranges
                0x00000000000000c0       0x20 c:/nxp/bstudio_nxp/sdk/tools/ba-elf-ba2-r36379/bin/../lib/gcc/ba-elf/4.7.4/../../../../ba-elf/lib/mcpu_jn51xx_sizeopt\libc.a(lib_a-strchr.o)
 .debug_aranges
                0x00000000000000e0       0x20 c:/nxp/bstudio_nxp/sdk/tools/ba-elf-ba2-r36379/bin/../lib/gcc/ba-elf/4.7.4/mcpu_jn51xx_sizeopt\libgcc.a(__udivsi3.o)
 .debug_aranges
                0x0000000000000100       0x20 c:/nxp/bstudio_nxp/sdk/tools/ba-elf-ba2-r36379/bin/../lib/gcc/ba-elf/4.7.4/mcpu_jn51xx_sizeopt\libgcc.a(__umodsi3.o)
 .debug_aranges
                0x0000000000000120       0x20 c:/nxp/bstudio_nxp/sdk/tools/ba-elf-ba2-r36379/bin/../lib/gcc/ba-elf/4.7.4/mcpu_jn51xx_sizeopt\libgcc.a(__modsi3.o)
 .debug_aranges
                0x0000000000000140       0x20 c:/nxp/bstudio_nxp/sdk/tools/ba-elf-ba2-r36379/bin/../lib/gcc/ba-elf/4.7.4/mcpu_jn51xx_sizeopt\libgcc.a(_udivdi3.o)
 .debug_aranges
                0x0000000000000160       0x20 C:\NXP\bstudio_nxp\sdk\JN-SW-4168/Components/Library\libBoot_JN516x.a(ExceptionHandler.o)

.debug_line     0x0000000000000000     0x13c6
 .debug_line    0x0000000000000000      0x154 c:/nxp/bstudio_nxp/sdk/tools/ba-elf-ba2-r36379/bin/../lib/gcc/ba-elf/4.7.4/../../../../ba-elf/lib/mcpu_jn51xx_sizeopt\libc.a(lib_a-memcmp.o)
 .debug_line    0x0000000000000154      0x148 c:/nxp/bstudio_nxp/sdk/tools/ba-elf-ba2-r36379/bin/../lib/gcc/ba-elf/4.7.4/../../../../ba-elf/lib/mcpu_jn51xx_sizeopt\libc.a(lib_a-memcpy.o)
 .debug_line    0x000000000000029c      0x13e c:/nxp/bstudio_nxp/sdk/tools/ba-elf-ba2-r36379/bin/../lib/gcc/ba-elf/4.7.4/../../../../ba-elf/lib/mcpu_jn51xx_sizeopt\libc.a(lib_a-memset.o)
 .debug_line    0x00000000000003da       0xe9 c:/nxp/bstudio_nxp/sdk/tools/ba-elf-ba2-r36379/bin/../lib/gcc/ba-elf/4.7.4/../../../../ba-elf/lib/mcpu_jn51xx_sizeopt\libc.a(lib_a-strcat.o)
 .debug_line    0x00000000000004c3       0xf6 c:/nxp/bstudio_nxp/sdk/tools/ba-elf-ba2-r36379/bin/../lib/gcc/ba-elf/4.7.4/../../../../ba-elf/lib/mcpu_jn51xx_sizeopt\libc.a(lib_a-strcmp.o)
 .debug_line    0x00000000000005b9       0xf1 c:/nxp/bstudio_nxp/sdk/tools/ba-elf-ba2-r36379/bin/../lib/gcc/ba-elf/4.7.4/../../../../ba-elf/lib/mcpu_jn51xx_sizeopt\libc.a(lib_a-strrchr.o)
 .debug_line    0x00000000000006aa       0xf6 c:/nxp/bstudio_nxp/sdk/tools/ba-elf-ba2-r36379/bin/../lib/gcc/ba-elf/4.7.4/../../../../ba-elf/lib/mcpu_jn51xx_sizeopt\libc.a(lib_a-strchr.o)
 .debug_line    0x00000000000007a0      0x47b c:/nxp/bstudio_nxp/sdk/tools/ba-elf-ba2-r36379/bin/../lib/gcc/ba-elf/4.7.4/mcpu_jn51xx_sizeopt\libgcc.a(__udivsi3.o)
 .debug_line    0x0000000000000c1b      0x3c7 c:/nxp/bstudio_nxp/sdk/tools/ba-elf-ba2-r36379/bin/../lib/gcc/ba-elf/4.7.4/mcpu_jn51xx_sizeopt\libgcc.a(__umodsi3.o)
 .debug_line    0x0000000000000fe2       0xa3 c:/nxp/bstudio_nxp/sdk/tools/ba-elf-ba2-r36379/bin/../lib/gcc/ba-elf/4.7.4/mcpu_jn51xx_sizeopt\libgcc.a(__modsi3.o)
 .debug_line    0x0000000000001085      0x1b7 c:/nxp/bstudio_nxp/sdk/tools/ba-elf-ba2-r36379/bin/../lib/gcc/ba-elf/4.7.4/mcpu_jn51xx_sizeopt\libgcc.a(_udivdi3.o)
 .debug_line    0x000000000000123c      0x18a C:\NXP\bstudio_nxp\sdk\JN-SW-4168/Components/Library\libBoot_JN516x.a(ExceptionHandler.o)

.debug_str      0x0000000000000000      0x413
 .debug_str     0x0000000000000000      0x119 c:/nxp/bstudio_nxp/sdk/tools/ba-elf-ba2-r36379/bin/../lib/gcc/ba-elf/4.7.4/../../../../ba-elf/lib/mcpu_jn51xx_sizeopt\libc.a(lib_a-memcmp.o)
                                        0x152 (size before relaxing)
 .debug_str     0x0000000000000119       0x5d c:/nxp/bstudio_nxp/sdk/tools/ba-elf-ba2-r36379/bin/../lib/gcc/ba-elf/4.7.4/../../../../ba-elf/lib/mcpu_jn51xx_sizeopt\libc.a(lib_a-memcpy.o)
                                        0x166 (size before relaxing)
 .debug_str     0x0000000000000176       0x49 c:/nxp/bstudio_nxp/sdk/tools/ba-elf-ba2-r36379/bin/../lib/gcc/ba-elf/4.7.4/../../../../ba-elf/lib/mcpu_jn51xx_sizeopt\libc.a(lib_a-memset.o)
                                        0x152 (size before relaxing)
 .debug_str     0x00000000000001bf       0x49 c:/nxp/bstudio_nxp/sdk/tools/ba-elf-ba2-r36379/bin/../lib/gcc/ba-elf/4.7.4/../../../../ba-elf/lib/mcpu_jn51xx_sizeopt\libc.a(lib_a-strcat.o)
                                        0x14b (size before relaxing)
 .debug_str     0x0000000000000208       0x49 c:/nxp/bstudio_nxp/sdk/tools/ba-elf-ba2-r36379/bin/../lib/gcc/ba-elf/4.7.4/../../../../ba-elf/lib/mcpu_jn51xx_sizeopt\libc.a(lib_a-strcmp.o)
                                        0x14b (size before relaxing)
 .debug_str     0x0000000000000251       0x57 c:/nxp/bstudio_nxp/sdk/tools/ba-elf-ba2-r36379/bin/../lib/gcc/ba-elf/4.7.4/../../../../ba-elf/lib/mcpu_jn51xx_sizeopt\libc.a(lib_a-strrchr.o)
                                        0x159 (size before relaxing)
 .debug_str     0x00000000000002a8       0x42 c:/nxp/bstudio_nxp/sdk/tools/ba-elf-ba2-r36379/bin/../lib/gcc/ba-elf/4.7.4/../../../../ba-elf/lib/mcpu_jn51xx_sizeopt\libc.a(lib_a-strchr.o)
                                        0x14b (size before relaxing)
 .debug_str     0x00000000000002ea      0x129 c:/nxp/bstudio_nxp/sdk/tools/ba-elf-ba2-r36379/bin/../lib/gcc/ba-elf/4.7.4/mcpu_jn51xx_sizeopt\libgcc.a(_udivdi3.o)
                                        0x1d4 (size before relaxing)

.debug_frame    0x0000000000000000       0xec
 .debug_frame   0x0000000000000000       0x20 c:/nxp/bstudio_nxp/sdk/tools/ba-elf-ba2-r36379/bin/../lib/gcc/ba-elf/4.7.4/../../../../ba-elf/lib/mcpu_jn51xx_sizeopt\libc.a(lib_a-memcmp.o)
 .debug_frame   0x0000000000000020       0x20 c:/nxp/bstudio_nxp/sdk/tools/ba-elf-ba2-r36379/bin/../lib/gcc/ba-elf/4.7.4/../../../../ba-elf/lib/mcpu_jn51xx_sizeopt\libc.a(lib_a-memcpy.o)
 .debug_frame   0x0000000000000040       0x20 c:/nxp/bstudio_nxp/sdk/tools/ba-elf-ba2-r36379/bin/../lib/gcc/ba-elf/4.7.4/../../../../ba-elf/lib/mcpu_jn51xx_sizeopt\libc.a(lib_a-memset.o)
 .debug_frame   0x0000000000000060       0x20 c:/nxp/bstudio_nxp/sdk/tools/ba-elf-ba2-r36379/bin/../lib/gcc/ba-elf/4.7.4/../../../../ba-elf/lib/mcpu_jn51xx_sizeopt\libc.a(lib_a-strcat.o)
 .debug_frame   0x0000000000000080       0x20 c:/nxp/bstudio_nxp/sdk/tools/ba-elf-ba2-r36379/bin/../lib/gcc/ba-elf/4.7.4/../../../../ba-elf/lib/mcpu_jn51xx_sizeopt\libc.a(lib_a-strcmp.o)
 .debug_frame   0x00000000000000a0       0x2c c:/nxp/bstudio_nxp/sdk/tools/ba-elf-ba2-r36379/bin/../lib/gcc/ba-elf/4.7.4/../../../../ba-elf/lib/mcpu_jn51xx_sizeopt\libc.a(lib_a-strrchr.o)
 .debug_frame   0x00000000000000cc       0x20 c:/nxp/bstudio_nxp/sdk/tools/ba-elf-ba2-r36379/bin/../lib/gcc/ba-elf/4.7.4/../../../../ba-elf/lib/mcpu_jn51xx_sizeopt\libc.a(lib_a-strchr.o)

.debug_ranges   0x0000000000000000       0xa0
 .debug_ranges  0x0000000000000000       0xa0 c:/nxp/bstudio_nxp/sdk/tools/ba-elf-ba2-r36379/bin/../lib/gcc/ba-elf/4.7.4/mcpu_jn51xx_sizeopt\libgcc.a(_udivdi3.o)
